04-30 09:39:41.435  8248  8248 I art     : Rejecting re-init on previously-failed class java.lang.Class<android.content.res.XResources>
04-30 09:39:41.435  8248  8248 E Xposed  : java.lang.IncompatibleClassChangeError: android.content.res.XResources
04-30 09:39:41.435  8248  8248 E Xposed  : 	at de.robv.android.xposed.XposedInit$5.afterHookedMethod(XposedInit.java:182)
04-30 09:39:41.435  8248  8248 E Xposed  : 	at de.robv.android.xposed.XposedBridge.handleHookedMethod(XposedBridge.java:348)
04-30 09:39:41.435  8248  8248 E Xposed  : 	at android.app.LoadedApk.<init>(<Xposed>)
04-30 09:39:41.435  8248  8248 E Xposed  : 	at android.app.ActivityThread.getPackageInfo(ActivityThread.java:1781)
04-30 09:39:41.435  8248  8248 E Xposed  : 	at android.app.ActivityThread.getPackageInfo(ActivityThread.java:1742)
04-30 09:39:41.435  8248  8248 E Xposed  : 	at android.app.ActivityThread.getPackageInfo(ActivityThread.java:1714)
04-30 09:39:41.435  8248  8248 E Xposed  : 	at android.app.ContextImpl.createPackageContextAsUser(ContextImpl.java:2173)
04-30 09:39:41.435  8248  8248 E Xposed  : 	at android.app.ContextImpl.createPackageContext(ContextImpl.java:2160)
04-30 09:39:41.435  8248  8248 E Xposed  : 	at android.content.ContextWrapper.createPackageContext(ContextWrapper.java:671)
04-30 09:39:41.435  8248  8248 E Xposed  : 	at android.content.ContextWrapper.createPackageContext(ContextWrapper.java:671)
04-30 09:39:41.435  8248  8248 E Xposed  : 	at com.google.android.gms.common.zzo.getRemoteContext(Unknown Source)
04-30 09:39:41.435  8248  8248 E Xposed  : 	at com.google.android.gms.dynamic.zzp.zzaS(Unknown Source)
04-30 09:39:41.435  8248  8248 E Xposed  : 	at com.google.android.gms.internal.zzip.zza(Unknown Source)
04-30 09:39:41.435  8248  8248 E Xposed  : 	at com.google.android.gms.internal.zzjd.zzdo(Unknown Source)
04-30 09:39:41.435  8248  8248 E Xposed  : 	at com.google.android.gms.internal.zziz$zza.zzdq(Unknown Source)
04-30 09:39:41.435  8248  8248 E Xposed  : 	at com.google.android.gms.internal.zziz.zza(Unknown Source)
04-30 09:39:41.435  8248  8248 E Xposed  : 	at com.google.android.gms.internal.zziz.zzb(Unknown Source)
04-30 09:39:41.435  8248  8248 E Xposed  : 	at com.google.android.gms.ads.AdLoader$Builder.<init>(Unknown Source)
04-30 09:39:41.435  8248  8248 E Xposed  : 	at com.lbe.parallel.uu$1.run(AdmobAdvancedAdapter.java:52)
04-30 09:39:41.435  8248  8248 E Xposed  : 	at android.os.Handler.handleCallback(Handler.java:739)
04-30 09:39:41.435  8248  8248 E Xposed  : 	at android.os.Handler.dispatchMessage(Handler.java:95)
04-30 09:39:41.435  8248  8248 E Xposed  : 	at android.os.Looper.loop(Looper.java:135)
04-30 09:39:41.435  8248  8248 E Xposed  : 	at android.app.ActivityThread.main(ActivityThread.java:5283)
04-30 09:39:41.435  8248  8248 E Xposed  : 	at java.lang.reflect.Method.invoke(Native Method)
04-30 09:39:41.435  8248  8248 E Xposed  : 	at java.lang.reflect.Method.invoke(Method.java:372)
04-30 09:39:41.435  8248  8248 E Xposed  : 	at com.android.internal.os.ZygoteInit$MethodAndArgsCaller.run(ZygoteInit.java:908)
04-30 09:39:41.435  8248  8248 E Xposed  : 	at com.android.internal.os.ZygoteInit.main(ZygoteInit.java:703)
04-30 09:39:41.435  8248  8248 E Xposed  : 	at de.robv.android.xposed.XposedBridge.main(XposedBridge.java:102)
04-30 09:39:41.445  8248  8248 D DynamitePackage: Instantiating com.google.android.gms.ads.ChimeraAdLoaderBuilderCreatorImpl
04-30 09:39:41.545  8248  8248 D DynamitePackage: Instantiating com.google.android.gms.ads.ChimeraAdLoaderBuilderCreatorImpl
04-30 09:39:41.555  8248  8248 D DynamitePackage: Instantiating com.google.android.gms.ads.ChimeraAdLoaderBuilderCreatorImpl
04-30 09:39:41.575  8248  8356 D ConnectivityManager.CallbackHandler: CM callback handler got msg 524290
04-30 09:39:41.705  8248  8266 I art     : Background partial concurrent mark sweep GC freed 15888(1931KB) AllocSpace objects, 2(72KB) LOS objects, 40% free, 13MB/22MB, paused 5.172ms total 101.928ms
04-30 09:39:41.835  8248  8248 I Ads     : Starting ad request.
04-30 09:39:41.835  8248  8248 I Ads     : Use AdRequest.Builder.addTestDevice("367BFA8E12F706C5FA32F029FFBA5B07") to get test ads on this device.
04-30 09:39:41.845  8248  8248 I Ads     : Webview loading for native ads.
04-30 09:39:41.965  8248  8248 D EgretLoader: EgretLoader(Context context)
04-30 09:39:41.965  8248  8248 D EgretLoader: The context is not activity
04-30 09:39:42.095  8248  8383 E libEGL  : validate_display:255 error 3008 (EGL_BAD_DISPLAY)
04-30 09:39:42.095  8248  8349 D BluetoothAdapter: 819743497: getState() :  mService = null. Returning STATE_OFF
04-30 09:39:42.135  8248  8341 W Ads     : Invoke Firebase method getInstance error.
04-30 09:39:42.135  8248  8341 W Ads     : The Google Mobile Ads SDK will not integrate with Firebase. Admob/Firebase integration requires the latest Firebase SDK jar, but Firebase SDK is either missing or out of date
04-30 09:39:42.205  8248  8248 I Ads     : Starting ad request.
04-30 09:39:42.205  8248  8248 I Ads     : Use AdRequest.Builder.addTestDevice("367BFA8E12F706C5FA32F029FFBA5B07") to get test ads on this device.
04-30 09:39:42.205  8248  8248 I Ads     : Webview loading for native ads.
04-30 09:39:42.225  8248  8248 D EgretLoader: EgretLoader(Context context)
04-30 09:39:42.225  8248  8248 D EgretLoader: The context is not activity
04-30 09:39:42.315  8248  8248 I Ads     : Starting ad request.
04-30 09:39:42.315  8248  8248 I Ads     : Use AdRequest.Builder.addTestDevice("367BFA8E12F706C5FA32F029FFBA5B07") to get test ads on this device.
04-30 09:39:42.325  8248  8248 I Ads     : Webview loading for native ads.
04-30 09:39:42.335  8248  8248 D EgretLoader: EgretLoader(Context context)
04-30 09:39:42.335  8248  8248 D EgretLoader: The context is not activity
04-30 09:39:42.375  8248  8383 W AudioCapabilities: Unsupported mime audio/evrc
04-30 09:39:42.385  8248  8383 W AudioCapabilities: Unsupported mime audio/qcelp
04-30 09:39:42.385  8248  8383 W VideoCapabilities: Unrecognized profile 2130706433 for video/avc
04-30 09:39:42.395  8248  8383 W AudioCapabilities: Unsupported mime audio/qcelp
04-30 09:39:42.405  8248  8383 W AudioCapabilities: Unsupported mime audio/evrc
04-30 09:39:42.415  8248  8383 W VideoCapabilities: Unsupported mime video/mpeg2
04-30 09:39:42.425  8248  8383 W VideoCapabilities: Unsupported mime video/mpeg2
04-30 09:39:42.465  8248  8383 W VideoCapabilities: Unsupported mime video/x-ms-wmv
04-30 09:39:42.475  8248  8383 W VideoCapabilities: Unsupported mime video/divx
04-30 09:39:42.475  8248  8383 W VideoCapabilities: Unsupported mime video/divx311
04-30 09:39:42.485  8248  8383 W Utils   : could not parse size range '64x64-1920X1088'
04-30 09:39:42.485  8248  8383 W VideoCapabilities: Unsupported mime video/divx4
04-30 09:39:42.495  8248  8383 W Utils   : could not parse size range '64x64-1920X1080'
04-30 09:39:42.505  8248  8383 W VideoCapabilities: Unsupported mime video/mp4v-esdp
04-30 09:39:42.525  8248  8383 I VideoCapabilities: Unsupported profile 4 for video/mp4v-es
04-30 09:39:42.635  8248  8248 I Timeline: Timeline: Activity_idle id: android.os.BinderProxy@31a7d5a7 time:120857164
04-30 09:39:42.645  8248  8419 W cr_CrashFileManager: /data/data/com.lbe.parallel.intl/cache/WebView/Crash Reports does not exist or is not a directory
04-30 09:39:42.995  8248  8248 I Timeline: Timeline: Activity_launch_request time:120857526
04-30 09:39:43.175  8248  8248 I Ads     : Javascript has loaded for native ads.
04-30 09:39:43.235  3492  3492 I ViewRootImpl: CPU Rendering VSync enable = true
04-30 09:39:43.295  8248  8248 I Ads     : Javascript has loaded for native ads.
04-30 09:39:43.295  8248  8248 I Ads     : Javascript has loaded for native ads.
04-30 09:39:43.335  3492  3492 I Timeline: Timeline: Activity_idle id: android.os.BinderProxy@c95cd94 time:120857862
04-30 09:39:43.755  3492  3492 W System.err: android.content.pm.PackageManager$NameNotFoundException: com.lbe.parallel.intl.arm64
04-30 09:39:43.755  3492  3492 W System.err: 	at android.app.ApplicationPackageManager.getPackageInfo(ApplicationPackageManager.java:114)
04-30 09:39:43.755  3492  3492 W System.err: 	at com.lbe.parallel.utility.ai.o(SystemInfo.java:844)
04-30 09:39:43.755  3492  3492 W System.err: 	at com.lbe.parallel.ui.MiddlewareActivity.m(MiddlewareActivity.java:9400)
04-30 09:39:43.755  3492  3492 W System.err: 	at com.lbe.parallel.ui.MiddlewareActivity$6.run(MiddlewareActivity.java:304)
04-30 09:39:43.755  3492  3492 W System.err: 	at android.os.Handler.handleCallback(Handler.java:739)
04-30 09:39:43.755  3492  3492 W System.err: 	at android.os.Handler.dispatchMessage(Handler.java:95)
04-30 09:39:43.755  3492  3492 W System.err: 	at android.os.Looper.loop(Looper.java:135)
04-30 09:39:43.755  3492  3492 W System.err: 	at android.app.ActivityThread.main(ActivityThread.java:5283)
04-30 09:39:43.755  3492  3492 W System.err: 	at java.lang.reflect.Method.invoke(Native Method)
04-30 09:39:43.755  3492  3492 W System.err: 	at java.lang.reflect.Method.invoke(Method.java:372)
04-30 09:39:43.755  3492  3492 W System.err: 	at com.android.internal.os.ZygoteInit$MethodAndArgsCaller.run(ZygoteInit.java:908)
04-30 09:39:43.755  3492  3492 W System.err: 	at com.android.internal.os.ZygoteInit.main(ZygoteInit.java:703)
04-30 09:39:43.755  3492  3492 W System.err: 	at de.robv.android.xposed.XposedBridge.main(XposedBridge.java:102)
04-30 09:39:43.985  8248  8248 I art     : Explicit concurrent mark sweep GC freed 47322(3MB) AllocSpace objects, 17(771KB) LOS objects, 25% free, 14MB/19MB, paused 2.862ms total 141.956ms
04-30 09:39:44.555  8461  8461 I art     : Rejecting re-init on previously-failed class java.lang.Class<android.content.res.XResources>
04-30 09:39:44.555  8461  8461 E Xposed  : java.lang.IncompatibleClassChangeError: android.content.res.XResources
04-30 09:39:44.555  8461  8461 E Xposed  : 	at de.robv.android.xposed.XposedInit$5.afterHookedMethod(XposedInit.java:182)
04-30 09:39:44.555  8461  8461 E Xposed  : 	at de.robv.android.xposed.XposedBridge.handleHookedMethod(XposedBridge.java:348)
04-30 09:39:44.555  8461  8461 E Xposed  : 	at android.app.LoadedApk.<init>(<Xposed>)
04-30 09:39:44.555  8461  8461 E Xposed  : 	at android.app.ContextImpl.createSystemContext(ContextImpl.java:2247)
04-30 09:39:44.555  8461  8461 E Xposed  : 	at android.app.ActivityThread.getSystemContext(ActivityThread.java:1841)
04-30 09:39:44.555  8461  8461 E Xposed  : 	at android.app.ActivityThread$DropBoxReporter.<init>(ActivityThread.java:5232)
04-30 09:39:44.555  8461  8461 E Xposed  : 	at android.app.ActivityThread.attach(ActivityThread.java:5161)
04-30 09:39:44.555  8461  8461 E Xposed  : 	at android.app.ActivityThread.main(ActivityThread.java:5272)
04-30 09:39:44.555  8461  8461 E Xposed  : 	at java.lang.reflect.Method.invoke(Native Method)
04-30 09:39:44.555  8461  8461 E Xposed  : 	at java.lang.reflect.Method.invoke(Method.java:372)
04-30 09:39:44.555  8461  8461 E Xposed  : 	at com.android.internal.os.ZygoteInit$MethodAndArgsCaller.run(ZygoteInit.java:908)
04-30 09:39:44.555  8461  8461 E Xposed  : 	at com.android.internal.os.ZygoteInit.main(ZygoteInit.java:703)
04-30 09:39:44.555  8461  8461 E Xposed  : 	at de.robv.android.xposed.XposedBridge.main(XposedBridge.java:102)
04-30 09:39:44.565  8461  8461 I art     : Rejecting re-init on previously-failed class java.lang.Class<android.content.res.XResources>
04-30 09:39:44.575  8461  8461 E Xposed  : java.lang.IncompatibleClassChangeError: android.content.res.XResources
04-30 09:39:44.575  8461  8461 E Xposed  : 	at de.robv.android.xposed.XposedInit$5.afterHookedMethod(XposedInit.java:182)
04-30 09:39:44.575  8461  8461 E Xposed  : 	at de.robv.android.xposed.XposedBridge.handleHookedMethod(XposedBridge.java:348)
04-30 09:39:44.575  8461  8461 E Xposed  : 	at android.app.LoadedApk.<init>(<Xposed>)
04-30 09:39:44.575  8461  8461 E Xposed  : 	at android.app.ActivityThread.getPackageInfo(ActivityThread.java:1781)
04-30 09:39:44.575  8461  8461 E Xposed  : 	at android.app.ActivityThread.getPackageInfoNoCheck(ActivityThread.java:1748)
04-30 09:39:44.575  8461  8461 E Xposed  : 	at de.robv.android.xposed.XposedInit$2.beforeHookedMethod(XposedInit.java:107)
04-30 09:39:44.575  8461  8461 E Xposed  : 	at de.robv.android.xposed.XposedBridge.handleHookedMethod(XposedBridge.java:314)
04-30 09:39:44.575  8461  8461 E Xposed  : 	at android.app.ActivityThread.handleBindApplication(<Xposed>)
04-30 09:39:44.575  8461  8461 E Xposed  : 	at android.app.ActivityThread.access$1500(ActivityThread.java:154)
04-30 09:39:44.575  8461  8461 E Xposed  : 	at android.app.ActivityThread$H.handleMessage(ActivityThread.java:1376)
04-30 09:39:44.575  8461  8461 E Xposed  : 	at android.os.Handler.dispatchMessage(Handler.java:102)
04-30 09:39:44.575  8461  8461 E Xposed  : 	at android.os.Looper.loop(Looper.java:135)
04-30 09:39:44.575  8461  8461 E Xposed  : 	at android.app.ActivityThread.main(ActivityThread.java:5283)
04-30 09:39:44.575  8461  8461 E Xposed  : 	at java.lang.reflect.Method.invoke(Native Method)
04-30 09:39:44.575  8461  8461 E Xposed  : 	at java.lang.reflect.Method.invoke(Method.java:372)
04-30 09:39:44.575  8461  8461 E Xposed  : 	at com.android.internal.os.ZygoteInit$MethodAndArgsCaller.run(ZygoteInit.java:908)
04-30 09:39:44.575  8461  8461 E Xposed  : 	at com.android.internal.os.ZygoteInit.main(ZygoteInit.java:703)
04-30 09:39:44.575  8461  8461 E Xposed  : 	at de.robv.android.xposed.XposedBridge.main(XposedBridge.java:102)
04-30 09:39:44.575  8461  8461 I art     : Rejecting re-init on previously-failed class java.lang.Class<android.content.res.XResources>
04-30 09:39:44.575  8461  8461 E Xposed  : java.lang.IncompatibleClassChangeError: android.content.res.XResources
04-30 09:39:44.575  8461  8461 E Xposed  : 	at de.robv.android.xposed.XposedInit$2.beforeHookedMethod(XposedInit.java:108)
04-30 09:39:44.575  8461  8461 E Xposed  : 	at de.robv.android.xposed.XposedBridge.handleHookedMethod(XposedBridge.java:314)
04-30 09:39:44.575  8461  8461 E Xposed  : 	at android.app.ActivityThread.handleBindApplication(<Xposed>)
04-30 09:39:44.575  8461  8461 E Xposed  : 	at android.app.ActivityThread.access$1500(ActivityThread.java:154)
04-30 09:39:44.575  8461  8461 E Xposed  : 	at android.app.ActivityThread$H.handleMessage(ActivityThread.java:1376)
04-30 09:39:44.575  8461  8461 E Xposed  : 	at android.os.Handler.dispatchMessage(Handler.java:102)
04-30 09:39:44.575  8461  8461 E Xposed  : 	at android.os.Looper.loop(Looper.java:135)
04-30 09:39:44.575  8461  8461 E Xposed  : 	at android.app.ActivityThread.main(ActivityThread.java:5283)
04-30 09:39:44.575  8461  8461 E Xposed  : 	at java.lang.reflect.Method.invoke(Native Method)
04-30 09:39:44.575  8461  8461 E Xposed  : 	at java.lang.reflect.Method.invoke(Method.java:372)
04-30 09:39:44.575  8461  8461 E Xposed  : 	at com.android.internal.os.ZygoteInit$MethodAndArgsCaller.run(ZygoteInit.java:908)
04-30 09:39:44.575  8461  8461 E Xposed  : 	at com.android.internal.os.ZygoteInit.main(ZygoteInit.java:703)
04-30 09:39:44.575  8461  8461 E Xposed  : 	at de.robv.android.xposed.XposedBridge.main(XposedBridge.java:102)
04-30 09:39:44.635  8461  8461 W System.err: my process name com.lbe.parallel.intl:P1
04-30 09:39:44.945  8461  8461 W System.err: 1b96c11eca48bded30e1726082051754068aa103
04-30 09:39:45.025  8461  8461 W linker  : libdaclient.so: unused DT entry: type 0x6ffffffe arg 0x1f54
04-30 09:39:45.025  8461  8461 W linker  : libdaclient.so: unused DT entry: type 0x6fffffff arg 0x2
04-30 09:39:45.855  8248  8516 I Ads     : Trying mediation network: 
04-30 09:39:45.865  3492  3512 W ContextImpl: Failed to ensure directory: /storage/sdcard1/Android/data/com.lbe.parallel.intl/files/log
04-30 09:39:45.875  8248  8248 I Ads     : Instantiating mediation adapter: com.google.DummyAdapter
04-30 09:39:45.955  8461  8479 W art     : Suspending all threads took: 10.026ms
04-30 09:39:45.975  8461  8479 I art     : Background partial concurrent mark sweep GC freed 34185(1864KB) AllocSpace objects, 0(0B) LOS objects, 40% free, 7MB/13MB, paused 14.539ms total 89.574ms
04-30 09:39:45.975  8248  8516 I Ads     : No fill from any mediation ad networks.
04-30 09:39:45.995  8248  8248 W Ads     : Failed to load ad: 3
04-30 09:39:46.175  3492  8459 I Timeline: Timeline: Activity_launch_request time:120860703
04-30 09:39:46.235  8461  8461 I art     : Rejecting re-init on previously-failed class java.lang.Class<android.content.res.XResources>
04-30 09:39:46.235  8461  8461 E Xposed  : java.lang.IncompatibleClassChangeError: android.content.res.XResources
04-30 09:39:46.235  8461  8461 E Xposed  : 	at de.robv.android.xposed.XposedInit$5.afterHookedMethod(XposedInit.java:182)
04-30 09:39:46.235  8461  8461 E Xposed  : 	at de.robv.android.xposed.XposedBridge.handleHookedMethod(XposedBridge.java:348)
04-30 09:39:46.235  8461  8461 E Xposed  : 	at android.app.LoadedApk.<init>(<Xposed>)
04-30 09:39:46.235  8461  8461 E Xposed  : 	at android.app.ActivityThread.getPackageInfo(ActivityThread.java:1781)
04-30 09:39:46.235  8461  8461 E Xposed  : 	at android.app.ActivityThread.getPackageInfo(ActivityThread.java:1742)
04-30 09:39:46.235  8461  8461 E Xposed  : 	at android.app.ActivityThread.getPackageInfo(ActivityThread.java:1714)
04-30 09:39:46.235  8461  8461 E Xposed  : 	at android.app.ContextImpl.createPackageContextAsUser(ContextImpl.java:2173)
04-30 09:39:46.235  8461  8461 E Xposed  : 	at android.app.ContextImpl.createPackageContext(ContextImpl.java:2160)
04-30 09:39:46.235  8461  8461 E Xposed  : 	at android.content.ContextWrapper.createPackageContext(ContextWrapper.java:671)
04-30 09:39:46.235  8461  8461 E Xposed  : 	at android.content.ContextWrapper.createPackageContext(ContextWrapper.java:671)
04-30 09:39:46.235  8461  8461 E Xposed  : 	at com.lbe.doubleagent.client.g.e(LocalActivityService.java:1683)
04-30 09:39:46.235  8461  8461 E Xposed  : 	at com.lbe.doubleagent.client.g.a(LocalActivityService.java:1438)
04-30 09:39:46.235  8461  8461 E Xposed  : 	at com.lbe.doubleagent.client.g.a(LocalActivityService.java:754)
04-30 09:39:46.235  8461  8461 E Xposed  : 	at com.lbe.doubleagent.client.g.a(LocalActivityService.java:1915)
04-30 09:39:46.235  8461  8461 E Xposed  : 	at com.lbe.doubleagent.client.g.a(LocalActivityService.java:108)
04-30 09:39:46.235  8461  8461 E Xposed  : 	at com.lbe.doubleagent.client.g$b.handleMessage(LocalActivityService.java:710)
04-30 09:39:46.235  8461  8461 E Xposed  : 	at android.os.Handler.dispatchMessage(Handler.java:98)
04-30 09:39:46.235  8461  8461 E Xposed  : 	at android.os.Looper.loop(Looper.java:135)
04-30 09:39:46.235  8461  8461 E Xposed  : 	at android.app.ActivityThread.main(ActivityThread.java:5283)
04-30 09:39:46.235  8461  8461 E Xposed  : 	at java.lang.reflect.Method.invoke(Native Method)
04-30 09:39:46.235  8461  8461 E Xposed  : 	at java.lang.reflect.Method.invoke(Method.java:372)
04-30 09:39:46.235  8461  8461 E Xposed  : 	at com.android.internal.os.ZygoteInit$MethodAndArgsCaller.run(ZygoteInit.java:908)
04-30 09:39:46.235  8461  8461 E Xposed  : 	at com.android.internal.os.ZygoteInit.main(ZygoteInit.java:703)
04-30 09:39:46.235  8461  8461 E Xposed  : 	at de.robv.android.xposed.XposedBridge.main(XposedBridge.java:102)
04-30 09:39:46.285  8248  8248 I Ads     : Received log message: <Google:HTML> Cannot read property 'tracking_urls_and_actions' of undefined
04-30 09:39:46.345  8248  8248 W Ads     : Failed to load ad: 3
04-30 09:39:46.845  8461  8461 I MultiDex: VM with version 2.1.0 has multidex support
04-30 09:39:46.845  8461  8461 I MultiDex: Installing application
04-30 09:39:46.845  8461  8461 I MultiDex: VM has multidex support, MultiDex support library is disabled.
04-30 09:39:46.895  8126  8189 W linker  : libkuru.so: unused DT entry: type 0x6ffffffe arg 0xeecdc
04-30 09:39:46.895  8126  8189 W linker  : libkuru.so: unused DT entry: type 0x6fffffff arg 0x3
04-30 09:39:46.945  8461  8461 I DefaultProvider: onCreate; 
04-30 09:39:47.015  8248  8248 I Ads     : Ad finished loading.
04-30 09:39:47.115  8126  8189 W linker  : libyuki-effect.so: unused DT entry: type 0x6ffffffe arg 0xc6870
04-30 09:39:47.115  8126  8189 W linker  : libyuki-effect.so: unused DT entry: type 0x6fffffff arg 0x3
04-30 09:39:47.195  8461  8461 I CloneSettings: getCloneSettings; took: 217 millis
04-30 09:39:47.205  8461  8461 I CrashHandler: CrashHandler; mIgnoreCrashes: false
04-30 09:39:47.205  8461  8461 I CrashHandler: installHandler; 
04-30 09:39:47.205  8461  8461 I ToastFilter: ToastFilter; mBlockAllToasts: false, mToastFilter: 
04-30 09:39:47.205  8461  8461 I ToastFilter: init; 
04-30 09:39:47.205  8461  8461 I ChangeAndroidId: ChangeAndroidId; mChangeAndroidId: false
04-30 09:39:47.205  8461  8461 I ChangeAndroidId: ChangeAndroidId; mRandomAndroidId: false
04-30 09:39:47.215  8461  8461 I HideImei: HideImei; mHideImei: false
04-30 09:39:47.215  8461  8461 I HideWifiMacAddress: HideWifiMacAddress; mHideWifiMacAddress: false
04-30 09:39:47.215  8461  8461 I BundleFilesDirectories: BundleFilesDirectories; mBundleFilesDirectories: []
04-30 09:39:47.215  8461  8461 I BundleObb: BundleObb; mBundleObb: false
04-30 09:39:47.215  8461  8461 I PressBackAgainToExit: PressBackAgainToExit; mPressBackAgainToExit: false
04-30 09:39:47.215  8461  8461 I SetBrightnessOnStart: SetBrightnessOnStart; mSetBrightnessOnStart: null
04-30 09:39:47.215  8461  8461 I SetBrightnessOnStart: SetBrightnessOnStart; mRestoreBrightnessOnExit: false
04-30 09:39:47.225  8461  8461 I WifiControls: WifiControls; mWifiState: null
04-30 09:39:47.225  8461  8461 I WifiControls: WifiControls; mRestoreWifiStateOnExit: false
04-30 09:39:47.225  8461  8461 I BluetoothControls: BluetoothControls; mBluetoothState: null
04-30 09:39:47.225  8461  8461 I BluetoothControls: BluetoothControls; mRestoreBluetoothStateOnExit: false
04-30 09:39:47.225  8461  8461 I InterruptionFilterControls: WifiControls; mInterruptionFilter: null
04-30 09:39:47.225  8461  8461 I InterruptionFilterControls: WifiControls; mRestoreInterruptionFilterOnExit: false
04-30 09:39:47.225  8461  8461 I ImmersiveMode: ImmersiveMode; mImmersiveMode: false
04-30 09:39:47.225  8461  8461 I ImmersiveMode: ImmersiveMode; mPreventImmersiveMode: false
04-30 09:39:47.225  8461  8461 I NotificationOptions: NotificationOptions; mBlockAllNotifications: false
04-30 09:39:47.225  8461  8461 I NotificationOptions: NotificationOptions; mAllowNotificationsWhenRunning: false
04-30 09:39:47.225  8461  8461 I NotificationOptions: NotificationOptions; mNotificationFilterSet: []
04-30 09:39:47.225  8461  8461 I NotificationOptions: NotificationOptions; mSilenceNotifications: false
04-30 09:39:47.225  8461  8461 I NotificationOptions: NotificationOptions; mHeadsUpNotifications: false
04-30 09:39:47.225  8461  8461 I NotificationOptions: NotificationOptions; mNoOngoingNotifications: false
04-30 09:39:47.225  8461  8461 I NotificationOptions: NotificationOptions; mNotificationColor: null
04-30 09:39:47.225  8461  8461 I NotificationOptions: NotificationOptions; mNotificationLightsPattern: NO_CHANGE
04-30 09:39:47.225  8461  8461 I NotificationOptions: NotificationOptions; mNotificationLightsColor: NO_CHANGE
04-30 09:39:47.225  8461  8461 I NotificationOptions: NotificationOptions; mNotificationVisibility: NO_CHANGE
04-30 09:39:47.235  8461  8461 I AutoRotateControls: AutoRotateControls; mAutoRotate: null
04-30 09:39:47.235  8461  8461 I AutoRotateControls: AutoRotateControls; mRestoreAutoRotateOnExit: false
04-30 09:39:47.235  8461  8461 I DisableMobileData: DisableMobileData; mDisableMobileData: false
04-30 09:39:47.235  8461  8461 I DisableBackgroundNetworking: DisableBackgroundNetworking; mDisableBackgroundNetworking: false
04-30 09:39:47.235  8461  8461 I WelcomeMessage: WelcomeMessage; mWelcomeMessageHtml: null
04-30 09:39:47.985  8461  8461 I FA      : App measurement is starting up, version: 11200
04-30 09:39:47.985  8461  8461 I FA      : To enable debug logging run: adb shell setprop log.tag.FA VERBOSE
04-30 09:39:48.115  8461  8461 I FA      : To enable faster debug mode event logging run:
04-30 09:39:48.115  8461  8461 I FA      :   adb shell setprop debug.firebase.analytics.app jp.naver.line.androig
04-30 09:39:48.215  8461  8461 I FirebaseInitProvider: FirebaseApp initialization successful
04-30 09:39:48.245  8461  8461 I art     : Rejecting re-init on previously-failed class java.lang.Class<android.content.res.XResources>
04-30 09:39:48.275  8461  8461 E Xposed  : java.lang.IncompatibleClassChangeError: android.content.res.XResources
04-30 09:39:48.275  8461  8461 E Xposed  : 	at de.robv.android.xposed.XposedInit$6.beforeHookedMethod(XposedInit.java:204)
04-30 09:39:48.275  8461  8461 E Xposed  : 	at de.robv.android.xposed.XposedBridge.handleHookedMethod(XposedBridge.java:314)
04-30 09:39:48.275  8461  8461 E Xposed  : 	at android.app.ApplicationPackageManager.getResourcesForApplication(<Xposed>)
04-30 09:39:48.275  8461  8461 E Xposed  : 	at android.app.ApplicationPackageManager.getXml(ApplicationPackageManager.java:1181)
04-30 09:39:48.275  8461  8461 E Xposed  : 	at android.content.pm.PackageItemInfo.loadXmlMetaData(PackageItemInfo.java:289)
04-30 09:39:48.275  8461  8461 E Xposed  : 	at android.support.v4.content.FileProvider.parsePathStrategy(SourceFile:584)
04-30 09:39:48.275  8461  8461 E Xposed  : 	at android.support.v4.content.FileProvider.getPathStrategy(SourceFile:558)
04-30 09:39:48.275  8461  8461 E Xposed  : 	at android.support.v4.content.FileProvider.attachInfo(SourceFile:376)
04-30 09:39:48.275  8461  8461 E Xposed  : 	at android.app.ActivityThread.installProvider(ActivityThread.java:5026)
04-30 09:39:48.275  8461  8461 E Xposed  : 	at java.lang.reflect.Method.invoke(Native Method)
04-30 09:39:48.275  8461  8461 E Xposed  : 	at java.lang.reflect.Method.invoke(Method.java:372)
04-30 09:39:48.275  8461  8461 E Xposed  : 	at Reflection.MethodDef.invoke(MethodDef.java:46)
04-30 09:39:48.275  8461  8461 E Xposed  : 	at Reflection.android.app.ActivityThread.invokeInstallProvider(ActivityThread.java:61)
04-30 09:39:48.275  8461  8461 E Xposed  : 	at com.lbe.doubleagent.client.g.a(LocalActivityService.java:1638)
04-30 09:39:48.275  8461  8461 E Xposed  : 	at com.lbe.doubleagent.client.g.a(LocalActivityService.java:754)
04-30 09:39:48.275  8461  8461 E Xposed  : 	at com.lbe.doubleagent.client.g.a(LocalActivityService.java:1915)
04-30 09:39:48.275  8461  8461 E Xposed  : 	at com.lbe.doubleagent.client.g.a(LocalActivityService.java:108)
04-30 09:39:48.275  8461  8461 E Xposed  : 	at com.lbe.doubleagent.client.g$b.handleMessage(LocalActivityService.java:710)
04-30 09:39:48.275  8461  8461 E Xposed  : 	at android.os.Handler.dispatchMessage(Handler.java:98)
04-30 09:39:48.275  8461  8461 E Xposed  : 	at android.os.Looper.loop(Looper.java:135)
04-30 09:39:48.275  8461  8461 E Xposed  : 	at android.app.ActivityThread.main(ActivityThread.java:5283)
04-30 09:39:48.275  8461  8461 E Xposed  : 	at java.lang.reflect.Method.invoke(Native Method)
04-30 09:39:48.275  8461  8461 E Xposed  : 	at java.lang.reflect.Method.invoke(Method.java:372)
04-30 09:39:48.275  8461  8461 E Xposed  : 	at com.android.internal.os.ZygoteInit$MethodAndArgsCaller.run(ZygoteInit.java:908)
04-30 09:39:48.275  8461  8461 E Xposed  : 	at com.android.internal.os.ZygoteInit.main(ZygoteInit.java:703)
04-30 09:39:48.275  8461  8461 E Xposed  : 	at de.robv.android.xposed.XposedBridge.main(XposedBridge.java:102)
04-30 09:39:48.385  8461  8479 I art     : Background partial concurrent mark sweep GC freed 4204(403KB) AllocSpace objects, 0(0B) LOS objects, 39% free, 13MB/22MB, paused 5.885ms total 89.724ms
04-30 09:39:49.145  8248  8248 I art     : Rejecting re-init on previously-failed class java.lang.Class<android.content.res.XResources>
04-30 09:39:49.295  8248  8248 E Xposed  : java.lang.IncompatibleClassChangeError: android.content.res.XResources
04-30 09:39:49.295  8248  8248 E Xposed  : 	at de.robv.android.xposed.XposedInit$5.afterHookedMethod(XposedInit.java:182)
04-30 09:39:49.295  8248  8248 E Xposed  : 	at de.robv.android.xposed.XposedBridge.handleHookedMethod(XposedBridge.java:348)
04-30 09:39:49.295  8248  8248 E Xposed  : 	at android.app.LoadedApk.<init>(<Xposed>)
04-30 09:39:49.295  8248  8248 E Xposed  : 	at android.app.ActivityThread.getPackageInfo(ActivityThread.java:1781)
04-30 09:39:49.295  8248  8248 E Xposed  : 	at android.app.ActivityThread.getPackageInfo(ActivityThread.java:1742)
04-30 09:39:49.295  8248  8248 E Xposed  : 	at android.app.ActivityThread.getPackageInfo(ActivityThread.java:1714)
04-30 09:39:49.295  8248  8248 E Xposed  : 	at android.app.ContextImpl.createPackageContextAsUser(ContextImpl.java:2173)
04-30 09:39:49.295  8248  8248 E Xposed  : 	at android.app.ContextImpl.createPackageContext(ContextImpl.java:2160)
04-30 09:39:49.295  8248  8248 E Xposed  : 	at android.content.ContextWrapper.createPackageContext(ContextWrapper.java:671)
04-30 09:39:49.295  8248  8248 E Xposed  : 	at android.content.ContextWrapper.createPackageContext(ContextWrapper.java:671)
04-30 09:39:49.295  8248  8248 E Xposed  : 	at com.google.android.gms.common.zzo.getRemoteContext(Unknown Source)
04-30 09:39:49.295  8248  8248 E Xposed  : 	at com.google.android.gms.dynamic.zzp.zzaS(Unknown Source)
04-30 09:39:49.295  8248  8248 E Xposed  : 	at com.google.android.gms.internal.zzqc.zzb(Unknown Source)
04-30 09:39:49.295  8248  8248 E Xposed  : 	at com.google.android.gms.internal.zzjf.zzdo(Unknown Source)
04-30 09:39:49.295  8248  8248 E Xposed  : 	at com.google.android.gms.internal.zziz$zza.zzdq(Unknown Source)
04-30 09:39:49.295  8248  8248 E Xposed  : 	at com.google.android.gms.internal.zziz.zza(Unknown Source)
04-30 09:39:49.295  8248  8248 E Xposed  : 	at com.google.android.gms.internal.zziz.zza(Unknown Source)
04-30 09:39:49.295  8248  8248 E Xposed  : 	at com.google.android.gms.ads.formats.NativeAdView.zzah(Unknown Source)
04-30 09:39:49.295  8248  8248 E Xposed  : 	at com.google.android.gms.ads.formats.NativeAdView.<init>(Unknown Source)
04-30 09:39:49.295  8248  8248 E Xposed  : 	at com.google.android.gms.ads.formats.NativeAppInstallAdView.<init>(Unknown Source)
04-30 09:39:49.295  8248  8248 E Xposed  : 	at com.virgo.ads.formats.VNativeAdView.inflateAdmobNativeAd(VNativeAdView.java:150)
04-30 09:39:49.295  8248  8248 E Xposed  : 	at com.virgo.ads.formats.VNativeAdView.inflateOnNativeAdSet(VNativeAdView.java:691)
04-30 09:39:49.295  8248  8248 E Xposed  : 	at com.virgo.ads.formats.VNativeAdView.setNativeAd(VNativeAdView.java:671)
04-30 09:39:49.295  8248  8248 E Xposed  : 	at com.lbe.parallel.tc.a(ItemCardAd.java:2146)
04-30 09:39:49.295  8248  8248 E Xposed  : 	at com.lbe.parallel.sv.onBindViewHolder(HomeAdapter.java:52)
04-30 09:39:49.295  8248  8248 E Xposed  : 	at android.support.v7.widget.RecyclerView$Adapter.onBindViewHolder(RecyclerView.java:6482)
04-30 09:39:49.295  8248  8248 E Xposed  : 	at android.support.v7.widget.RecyclerView$Adapter.bindViewHolder(RecyclerView.java:6515)
04-30 09:39:49.295  8248  8248 E Xposed  : 	at android.support.v7.widget.RecyclerView$Recycler.tryBindViewHolderByDeadline(RecyclerView.java:5458)
04-30 09:39:49.295  8248  8248 E Xposed  : 	at android.support.v7.widget.RecyclerView$Recycler.tryGetViewHolderForPositionByDeadline(RecyclerView.java:5724)
04-30 09:39:49.295  8248  8248 E Xposed  : 	at android.support.v7.widget.RecyclerView$Recycler.getViewForPosition(RecyclerView.java:5563)
04-30 09:39:49.295  8248  8248 E Xposed  : 	at android.support.v7.widget.RecyclerView$Recycler.getViewForPosition(RecyclerView.java:5559)
04-30 09:39:49.295  8248  8248 E Xposed  : 	at android.support.v7.widget.LinearLayoutManager$b.a(LinearLayoutManager.java:2229)
04-30 09:39:49.295  8248  8248 E Xposed  : 	at android.support.v7.widget.GridLayoutManager.layoutChunk(GridLayoutManager.java:556)
04-30 09:39:49.295  8248  8248 E Xposed  : 	at android.support.v7.widget.LinearLayoutManager.fill(LinearLayoutManager.java:1516)
04-30 09:39:49.295  8248  8248 E Xposed  : 	at android.support.v7.widget.LinearLayoutManager.onLayoutChildren(LinearLayoutManager.java:608)
04-30 09:39:49.295  8248  8248 E Xposed  : 	at android.support.v7.widget.GridLayoutManager.onLayoutChildren(GridLayoutManager.java:170)
04-30 09:39:49.295  8248  8248 E Xposed  : 	at android.support.v7.widget.RecyclerView.dispatchLayoutStep2(RecyclerView.java:3693)
04-30 09:39:49.295  8248  8248 E Xposed  : 	at android.support.v7.widget.RecyclerView.dispatchLayout(RecyclerView.java:3410)
04-30 09:39:49.295  8248  8248 E Xposed  : 	at android.support.v7.widget.RecyclerView.consumePendingUpdateOperations(RecyclerView.java:1710)
04-30 09:39:49.295  8248  8248 E Xposed  : 	at android.support.v7.widget.RecyclerView$1.run(RecyclerView.java:346)
04-30 09:39:49.295  8248  8248 E Xposed  : 	at android.view.Choreographer$CallbackRecord.run(Choreographer.java:775)
04-30 09:39:49.295  8248  8248 E Xposed  : 	at android.view.Choreographer.doCallbacks(Choreographer.java:588)
04-30 09:39:49.295  8248  8248 E Xposed  : 	at android.view.Choreographer.doFrame(Choreographer.java:557)
04-30 09:39:49.295  8248  8248 E Xposed  : 	at android.view.Choreographer$FrameDisplayEventReceiver.run(Choreographer.java:761)
04-30 09:39:49.295  8248  8248 E Xposed  : 	at android.os.Handler.handleCallback(Handler.java:739)
04-30 09:39:49.295  8248  8248 E Xposed  : 	at android.os.Handler.dispatchMessage(Handler.java:95)
04-30 09:39:49.295  8248  8248 E Xposed  : 	at android.os.Looper.loop(Looper.java:135)
04-30 09:39:49.295  8248  8248 E Xposed  : 	at android.app.ActivityThread.main(ActivityThread.java:5283)
04-30 09:39:49.295  8248  8248 E Xposed  : 	at java.lang.reflect.Method.invoke(Native Method)
04-30 09:39:49.295  8248  8248 E Xposed  : 	at java.lang.reflect.Method.invoke(Method.java:372)
04-30 09:39:49.295  8248  8248 E Xposed  : 	at com.android.internal.os.ZygoteInit$MethodAndArgsCaller.run(ZygoteInit.java:908)
04-30 09:39:49.295  8248  8248 E Xposed  : 	at com.android.internal.os.ZygoteInit.main(ZygoteInit.java:703)
04-30 09:39:49.295  8248  8248 E Xposed  : 	at de.robv.android.xposed.XposedBridge.main(XposedBridge.java:102)
04-30 09:39:49.375  8248  8248 D DynamitePackage: Instantiating com.google.android.gms.ads.ChimeraNativeAdViewDelegateCreatorImpl
04-30 09:39:50.035  8248  8248 I art     : System.exit called, status: 0
04-30 09:39:50.035  8248  8248 I AndroidRuntime: VM exiting with result code 0, cleanup skipped.
04-30 09:39:50.455  8461  8602 W linker  : libimgdecoder.so: unused DT entry: type 0x6ffffffe arg 0x9c68
04-30 09:39:50.455  8461  8602 W linker  : libimgdecoder.so: unused DT entry: type 0x6fffffff arg 0x3
04-30 09:39:50.465  8461  8602 W linker  : libimgdecoderjni.so: unused DT entry: type 0x6ffffffe arg 0x329c
04-30 09:39:50.465  8461  8602 W linker  : libimgdecoderjni.so: unused DT entry: type 0x6fffffff arg 0x3
04-30 09:39:50.785  8461  8479 W art     : Suspending all threads took: 18.342ms
04-30 09:39:50.875  8461  8613 I [NELO2-LOGCAT] NeloLog: NeloLog init() -- try to init NeloLog instance
04-30 09:39:50.875  8461  8613 I [NELO2-LOGCAT] NeloLog: Application : jp.naver.line.androig.LineApplication@ecdcc6
04-30 09:39:50.875  8461  8613 I [NELO2-LOGCAT] NeloLog: Context : jp.naver.line.androig.LineApplication@ecdcc6
04-30 09:39:50.875  8461  8613 I [NELO2-LOGCAT] NeloLog: reportServer : nelo2-col.nhncorp.jp
04-30 09:39:50.875  8461  8613 I [NELO2-LOGCAT] NeloLog: serverPort : 10006
04-30 09:39:50.875  8461  8613 I [NELO2-LOGCAT] NeloLog: projectName : LINE-And-Real
04-30 09:39:50.875  8461  8613 I [NELO2-LOGCAT] NeloLog: projectVersion : 7.13.0
04-30 09:39:50.875  8461  8613 I [NELO2-LOGCAT] NeloLog: userId : 
04-30 09:39:50.885  8461  8479 I art     : Background sticky concurrent mark sweep GC freed 95982(5MB) AllocSpace objects, 12(192KB) LOS objects, 12% free, 19MB/22MB, paused 41.776ms total 285.909ms
04-30 09:39:50.945  8461  8613 E [NELO2-LOGCAT] NeloLog:  startCrashHandler neloinit before : true
04-30 09:39:50.965  8461  8613 E [NELO2-LOGCAT] NeloLog:  startCrashHandler neloinit after : true
04-30 09:39:50.975  8461  8613 I [NELO2-LOGCAT]: [FileHandler] path : /data/data/com.lbe.parallel.intl/parallel_intl/0/jp.naver.line.androig/files/LINE-And-Real_7.13.0.nelocrash
04-30 09:39:50.995  8461  8613 W [NELO2-LOGCAT]: [FileHandler] checkExistingLog neloFileQueue is not initialized or empty
04-30 09:39:51.315  8461  8479 I art     : Background sticky concurrent mark sweep GC freed 29842(2MB) AllocSpace objects, 5(80KB) LOS objects, 10% free, 20MB/22MB, paused 32.795ms total 161.553ms
04-30 09:39:51.315  8461  8478 I art     : WaitForGcToComplete blocked for 119.614ms for cause HeapTrim
04-30 09:39:51.575  8461  8461 I art     : Rejecting re-init on previously-failed class java.lang.Class<android.content.res.XResources>
04-30 09:39:51.595  8461  8602 W ContextImpl: Failed to ensure directory: /storage/sdcard1/Android/data/jp.naver.line.androig/cache
04-30 09:39:51.635  8461  8461 E Xposed  : java.lang.IncompatibleClassChangeError: android.content.res.XResources
04-30 09:39:51.635  8461  8461 E Xposed  : 	at de.robv.android.xposed.XposedInit$6.beforeHookedMethod(XposedInit.java:204)
04-30 09:39:51.635  8461  8461 E Xposed  : 	at de.robv.android.xposed.XposedBridge.handleHookedMethod(XposedBridge.java:314)
04-30 09:39:51.635  8461  8461 E Xposed  : 	at android.app.ApplicationPackageManager.getResourcesForApplication(<Xposed>)
04-30 09:39:51.635  8461  8461 E Xposed  : 	at android.app.ApplicationPackageManager.getDrawable(ApplicationPackageManager.java:742)
04-30 09:39:51.635  8461  8461 E Xposed  : 	at android.app.MiuiThemeHelper.getDrawable(MiuiThemeHelper.java:103)
04-30 09:39:51.635  8461  8461 E Xposed  : 	at android.content.pm.PackageItemInfo.loadIcon(PackageItemInfo.java:157)
04-30 09:39:51.635  8461  8461 E Xposed  : 	at com.lbe.doubleagent.ag$be.a(IActivityManagerHook.java:2256)
04-30 09:39:51.635  8461  8461 E Xposed  : 	at com.lbe.doubleagent.ae.b(HookedMethodHandler.java:40)
04-30 09:39:51.635  8461  8461 E Xposed  : 	at com.lbe.doubleagent.ac.invoke(BinderHook.java:94)
04-30 09:39:51.635  8461  8461 E Xposed  : 	at java.lang.reflect.Proxy.invoke(Proxy.java:397)
04-30 09:39:51.635  8461  8461 E Xposed  : 	at $Proxy34.setTaskDescription(Unknown Source)
04-30 09:39:51.635  8461  8461 E Xposed  : 	at android.app.Activity.setTaskDescription(Activity.java:5188)
04-30 09:39:51.635  8461  8461 E Xposed  : 	at android.app.Activity.onApplyThemeResource(Activity.java:3737)
04-30 09:39:51.635  8461  8461 E Xposed  : 	at android.view.ContextThemeWrapper.initializeTheme(ContextThemeWrapper.java:140)
04-30 09:39:51.635  8461  8461 E Xposed  : 	at android.view.ContextThemeWrapper.setTheme(ContextThemeWrapper.java:85)
04-30 09:39:51.635  8461  8461 E Xposed  : 	at android.app.ActivityThread.performLaunchActivity(ActivityThread.java:2286)
04-30 09:39:51.635  8461  8461 E Xposed  : 	at android.app.ActivityThread.handleLaunchActivity(ActivityThread.java:2402)
04-30 09:39:51.635  8461  8461 E Xposed  : 	at android.app.ActivityThread.access$800(ActivityThread.java:154)
04-30 09:39:51.635  8461  8461 E Xposed  : 	at android.app.ActivityThread$H.handleMessage(ActivityThread.java:1315)
04-30 09:39:51.635  8461  8461 E Xposed  : 	at android.os.Handler.dispatchMessage(Handler.java:102)
04-30 09:39:51.635  8461  8461 E Xposed  : 	at android.os.Looper.loop(Looper.java:135)
04-30 09:39:51.635  8461  8461 E Xposed  : 	at android.app.ActivityThread.main(ActivityThread.java:5283)
04-30 09:39:51.635  8461  8461 E Xposed  : 	at java.lang.reflect.Method.invoke(Native Method)
04-30 09:39:51.635  8461  8461 E Xposed  : 	at java.lang.reflect.Method.invoke(Method.java:372)
04-30 09:39:51.635  8461  8461 E Xposed  : 	at com.android.internal.os.ZygoteInit$MethodAndArgsCaller.run(ZygoteInit.java:908)
04-30 09:39:51.635  8461  8461 E Xposed  : 	at com.android.internal.os.ZygoteInit.main(ZygoteInit.java:703)
04-30 09:39:51.635  8461  8461 E Xposed  : 	at de.robv.android.xposed.XposedBridge.main(XposedBridge.java:102)
04-30 09:39:51.655  8461  8461 W IconCustomizer: can't load transform_config.xml
04-30 09:39:51.805  8461  8479 W art     : Suspending all threads took: 18.349ms
04-30 09:39:51.815  8461  8461 I art     : Rejecting re-init on previously-failed class java.lang.Class<android.content.res.XResources>
04-30 09:39:51.825  8461  8461 E Xposed  : java.lang.IncompatibleClassChangeError: android.content.res.XResources
04-30 09:39:51.825  8461  8461 E Xposed  : 	at de.robv.android.xposed.XposedInit$6.beforeHookedMethod(XposedInit.java:204)
04-30 09:39:51.825  8461  8461 E Xposed  : 	at de.robv.android.xposed.XposedBridge.handleHookedMethod(XposedBridge.java:314)
04-30 09:39:51.825  8461  8461 E Xposed  : 	at android.app.ApplicationPackageManager.getResourcesForApplication(<Xposed>)
04-30 09:39:51.825  8461  8461 E Xposed  : 	at android.app.ApplicationPackageManager.getDrawable(ApplicationPackageManager.java:742)
04-30 09:39:51.825  8461  8461 E Xposed  : 	at android.app.MiuiThemeHelper.getDrawable(MiuiThemeHelper.java:103)
04-30 09:39:51.825  8461  8461 E Xposed  : 	at android.content.pm.PackageItemInfo.loadIcon(PackageItemInfo.java:157)
04-30 09:39:51.825  8461  8461 E Xposed  : 	at com.lbe.doubleagent.client.g$1.a(LocalActivityService.java:562)
04-30 09:39:51.825  8461  8461 E Xposed  : 	at com.doubleagent.client.e.callActivityOnCreate(InstrumentationDelegate.java:180)
04-30 09:39:51.825  8461  8461 E Xposed  : 	at android.app.ActivityThread.performLaunchActivity(ActivityThread.java:2293)
04-30 09:39:51.825  8461  8461 E Xposed  : 	at android.app.ActivityThread.handleLaunchActivity(ActivityThread.java:2402)
04-30 09:39:51.825  8461  8461 E Xposed  : 	at android.app.ActivityThread.access$800(ActivityThread.java:154)
04-30 09:39:51.825  8461  8461 E Xposed  : 	at android.app.ActivityThread$H.handleMessage(ActivityThread.java:1315)
04-30 09:39:51.825  8461  8461 E Xposed  : 	at android.os.Handler.dispatchMessage(Handler.java:102)
04-30 09:39:51.825  8461  8461 E Xposed  : 	at android.os.Looper.loop(Looper.java:135)
04-30 09:39:51.825  8461  8461 E Xposed  : 	at android.app.ActivityThread.main(ActivityThread.java:5283)
04-30 09:39:51.825  8461  8461 E Xposed  : 	at java.lang.reflect.Method.invoke(Native Method)
04-30 09:39:51.825  8461  8461 E Xposed  : 	at java.lang.reflect.Method.invoke(Method.java:372)
04-30 09:39:51.825  8461  8461 E Xposed  : 	at com.android.internal.os.ZygoteInit$MethodAndArgsCaller.run(ZygoteInit.java:908)
04-30 09:39:51.825  8461  8461 E Xposed  : 	at com.android.internal.os.ZygoteInit.main(ZygoteInit.java:703)
04-30 09:39:51.825  8461  8461 E Xposed  : 	at de.robv.android.xposed.XposedBridge.main(XposedBridge.java:102)
04-30 09:39:51.835  8461  8479 I art     : Background sticky concurrent mark sweep GC freed 15052(1305KB) AllocSpace objects, 7(112KB) LOS objects, 5% free, 21MB/22MB, paused 27.464ms total 126.066ms
04-30 09:39:52.145  8461  8479 I art     : Background partial concurrent mark sweep GC freed 127019(5MB) AllocSpace objects, 3(124KB) LOS objects, 40% free, 17MB/29MB, paused 9.051ms total 164.646ms
04-30 09:39:52.145  8461  8461 I GAv4    : Google Analytics 11.2.00 is starting up. To enable debug logging on a device run:
04-30 09:39:52.145  8461  8461 I GAv4    :   adb shell setprop log.tag.GAv4 DEBUG
04-30 09:39:52.145  8461  8461 I GAv4    :   adb logcat -s GAv4
04-30 09:39:52.185  8461  8613 W linker  : liblegy.so: unused DT entry: type 0x6ffffffe arg 0x22674
04-30 09:39:52.185  8461  8613 W linker  : liblegy.so: unused DT entry: type 0x6fffffff arg 0x3
04-30 09:39:52.365  8461  8640 W GAv4    : AnalyticsReceiver is not registered or is disabled. Register the receiver for reliable dispatching on non-Google Play devices. See http://goo.gl/8Rd3yj for instructions.
04-30 09:39:52.375  8461  8640 W GAv4    : CampaignTrackingReceiver is not registered, not exported or is disabled. Installation campaign tracking is not possible. See http://goo.gl/8Rd3yj for instructions.
04-30 09:39:52.385  8461  8640 W GAv4    : AnalyticsService not registered in the app manifest. Hits might not be delivered reliably. See http://goo.gl/8Rd3yj for instructions.
04-30 09:39:52.445  8461  8550 I FA      : Tag Manager is not found and thus will not be used
04-30 09:39:52.515  8461  8640 I art     : Rejecting re-init on previously-failed class java.lang.Class<android.content.res.XResources>
04-30 09:39:52.545  8461  8461 I ViewRootImpl: CPU Rendering VSync enable = true
04-30 09:39:52.545  8461  8644 D OpenGLRenderer: Use EGL_SWAP_BEHAVIOR_PRESERVED: true
04-30 09:39:52.575  8461  8640 E Xposed  : java.lang.IncompatibleClassChangeError: android.content.res.XResources
04-30 09:39:52.575  8461  8640 E Xposed  : 	at de.robv.android.xposed.XposedInit$5.afterHookedMethod(XposedInit.java:182)
04-30 09:39:52.575  8461  8640 E Xposed  : 	at de.robv.android.xposed.XposedBridge.handleHookedMethod(XposedBridge.java:348)
04-30 09:39:52.575  8461  8640 E Xposed  : 	at android.app.LoadedApk.<init>(<Xposed>)
04-30 09:39:52.575  8461  8640 E Xposed  : 	at android.app.ActivityThread.getPackageInfo(ActivityThread.java:1781)
04-30 09:39:52.575  8461  8640 E Xposed  : 	at android.app.ActivityThread.getPackageInfo(ActivityThread.java:1742)
04-30 09:39:52.575  8461  8640 E Xposed  : 	at android.app.ActivityThread.getPackageInfo(ActivityThread.java:1714)
04-30 09:39:52.575  8461  8640 E Xposed  : 	at android.app.ContextImpl.createPackageContextAsUser(ContextImpl.java:2173)
04-30 09:39:52.575  8461  8640 E Xposed  : 	at android.app.ContextImpl.createPackageContext(ContextImpl.java:2160)
04-30 09:39:52.575  8461  8640 E Xposed  : 	at android.content.ContextWrapper.createPackageContext(ContextWrapper.java:671)
04-30 09:39:52.575  8461  8640 E Xposed  : 	at com.google.android.gms.common.zzo.getRemoteContext(Unknown Source)
04-30 09:39:52.575  8461  8640 E Xposed  : 	at com.google.android.gms.ads.identifier.zzd.<init>(Unknown Source)
04-30 09:39:52.575  8461  8640 E Xposed  : 	at com.google.android.gms.ads.identifier.AdvertisingIdClient.getAdvertisingIdInfo(Unknown Source)
04-30 09:39:52.575  8461  8640 E Xposed  : 	at com.google.android.gms.internal.zzamh.zzvm(Unknown Source)
04-30 09:39:52.575  8461  8640 E Xposed  : 	at com.google.android.gms.internal.zzamh.zzvl(Unknown Source)
04-30 09:39:52.575  8461  8640 E Xposed  : 	at com.google.android.gms.internal.zzamh.zzvd(Unknown Source)
04-30 09:39:52.575  8461  8640 E Xposed  : 	at com.google.android.gms.analytics.zzp.run(Unknown Source)
04-30 09:39:52.575  8461  8640 E Xposed  : 	at java.util.concurrent.Executors$RunnableAdapter.call(Executors.java:422)
04-30 09:39:52.575  8461  8640 E Xposed  : 	at java.util.concurrent.FutureTask.run(FutureTask.java:237)
04-30 09:39:52.575  8461  8640 E Xposed  : 	at java.util.concurrent.ThreadPoolExecutor.runWorker(ThreadPoolExecutor.java:1112)
04-30 09:39:52.575  8461  8640 E Xposed  : 	at java.util.concurrent.ThreadPoolExecutor$Worker.run(ThreadPoolExecutor.java:587)
04-30 09:39:52.575  8461  8640 E Xposed  : 	at java.lang.Thread.run(Thread.java:818)
04-30 09:39:52.575  8461  8640 E Xposed  : 	at com.google.android.gms.analytics.zzl$zzc.run(Unknown Source)
04-30 09:39:52.835  5695  5716 W Finsky  : [4250] com.google.android.finsky.billing.iab.ab.b(48): jp.naver.line.androig: No account found.
04-30 09:39:52.875  8461  8461 I CrashHandler: installHandler; 
04-30 09:39:53.025  8461  8644 I Adreno-EGL: <qeglDrvAPI_eglInitialize:379>: EGL 1.4 QUALCOMM build: Nondeterministic_AU_msm8916_64_LA.BR.1.2.4_RB1__release_AU (Ic8ede1fb34)
04-30 09:39:53.025  8461  8644 I Adreno-EGL: OpenGL ES Shader Compiler Version: E031.25.03.04
04-30 09:39:53.025  8461  8644 I Adreno-EGL: Build Date: 12/10/15 Thu
04-30 09:39:53.025  8461  8644 I Adreno-EGL: Local Branch: 
04-30 09:39:53.025  8461  8644 I Adreno-EGL: Remote Branch: quic/LA.BR.1.2.4_rb1.30
04-30 09:39:53.025  8461  8644 I Adreno-EGL: Local Patches: NONE
04-30 09:39:53.025  8461  8644 I Adreno-EGL: Reconstruct Branch: NOTHING
04-30 09:39:53.025  8461  8644 I OpenGLRenderer: Initialized EGL, version 1.4
04-30 09:39:53.105  8461  8644 D OpenGLRenderer: Enabling debug mode 0
04-30 09:39:53.135  8461  8644 I qdutils : PartialUpdate status: Disabled
04-30 09:39:53.135  8461  8644 I qdutils : Left Align: 0
04-30 09:39:53.135  8461  8644 I qdutils : Width Align: 0
04-30 09:39:53.135  8461  8644 I qdutils : Top Align: 0
04-30 09:39:53.135  8461  8644 I qdutils : Height Align: 0
04-30 09:39:53.135  8461  8644 I qdutils : Min ROI Width: 0
04-30 09:39:53.135  8461  8644 I qdutils : Min ROI Height: 0
04-30 09:39:53.135  8461  8644 I qdutils : Needs ROI Merge: 0
04-30 09:39:53.135  8461  8644 I qdutils : Dynamic Fps: Disabled
04-30 09:39:53.135  8461  8644 I qdutils : Min Panel fps: 0
04-30 09:39:53.135  8461  8644 I qdutils : Max Panel fps: 0
04-30 09:39:53.445  8461  8461 I Timeline: Timeline: Activity_launch_request time:120867972
04-30 09:39:53.625  8461  8461 W linker  : libwebviewchromium.so: unused DT entry: type 0x6ffffffe arg 0x13a2c
04-30 09:39:53.625  8461  8461 W linker  : libwebviewchromium.so: unused DT entry: type 0x6fffffff arg 0x3
04-30 09:39:53.775  8461  8461 I WebViewFactory: Loading com.google.android.webview version 65.0.3325.109 (code 332510950)
04-30 09:39:53.775  8461  8461 I art     : Rejecting re-init on previously-failed class java.lang.Class<android.content.res.XResources>
04-30 09:39:53.815  8461  8461 E Xposed  : java.lang.IncompatibleClassChangeError: android.content.res.XResources
04-30 09:39:53.815  8461  8461 E Xposed  : 	at de.robv.android.xposed.XposedInit$5.afterHookedMethod(XposedInit.java:182)
04-30 09:39:53.815  8461  8461 E Xposed  : 	at de.robv.android.xposed.XposedBridge.handleHookedMethod(XposedBridge.java:348)
04-30 09:39:53.815  8461  8461 E Xposed  : 	at android.app.LoadedApk.<init>(<Xposed>)
