04-30 09:39:27.295  4889  6552 W GLSUser : 	at com.google.android.gms.auth.account.be.legacy.AuthCronChimeraService.b(:com.google.android.gms@12529011@12.5.29 (020406-192802242):7)
04-30 09:39:27.295  4889  6552 W GLSUser : 	at fju.call(:com.google.android.gms@12529011@12.5.29 (020406-192802242):3)
04-30 09:39:27.295  4889  6552 W GLSUser : 	at java.util.concurrent.FutureTask.run(FutureTask.java:237)
04-30 09:39:27.295  4889  6552 W GLSUser : 	at nsy.run(:com.google.android.gms@12529011@12.5.29 (020406-192802242):27)
04-30 09:39:27.295  4889  6552 W GLSUser : 	at java.util.concurrent.ThreadPoolExecutor.runWorker(ThreadPoolExecutor.java:1112)
04-30 09:39:27.295  4889  6552 W GLSUser : 	at java.util.concurrent.ThreadPoolExecutor$Worker.run(ThreadPoolExecutor.java:587)
04-30 09:39:27.295  4889  6552 W GLSUser : 	at nys.run(:com.google.android.gms@12529011@12.5.29 (020406-192802242))
04-30 09:39:27.295  4889  6552 W GLSUser : 	at java.lang.Thread.run(Thread.java:818)
04-30 09:39:27.305  4889  8201 V NativeCrypto: SSL shutdown failed: ssl=0xab59ec30: I/O error during system call, Broken pipe
04-30 09:39:27.365  8126  8126 W ContextImpl: Failed to ensure directory: /storage/sdcard1/Android/data/jp.naver.line.androig/cache
04-30 09:39:27.395  8126  8144 I art     : Background sticky concurrent mark sweep GC freed 71111(3MB) AllocSpace objects, 10(160KB) LOS objects, 16% free, 16MB/19MB, paused 12.892ms total 165.771ms
04-30 09:39:30.625  6107  6107 E Minikin : no font for run starting u+dbc3 length 26
04-30 09:39:35.435  6107  6107 I ViewRootImpl: CPU Rendering VSync enable = true
04-30 09:39:35.545  6107  6107 D AndroidRuntime: Shutting down VM
04-30 09:39:35.555  6107  6107 W System.err: java.lang.NullPointerException: Attempt to invoke virtual method 'android.view.View android.view.View.findFocus()' on a null object reference
04-30 09:39:35.555  6107  6107 W System.err: 	at android.view.ViewRootImpl$ViewRootHandler.handleMessage(ViewRootImpl.java:3328)
04-30 09:39:35.555  6107  6107 W System.err: 	at android.os.Handler.dispatchMessage(Handler.java:102)
04-30 09:39:35.555  6107  6107 W System.err: 	at android.os.Looper.loop(Looper.java:135)
04-30 09:39:35.555  6107  6107 W System.err: 	at android.app.ActivityThread.main(ActivityThread.java:5283)
04-30 09:39:35.555  6107  6107 W System.err: 	at java.lang.reflect.Method.invoke(Native Method)
04-30 09:39:35.555  6107  6107 W System.err: 	at java.lang.reflect.Method.invoke(Method.java:372)
04-30 09:39:35.555  6107  6107 W System.err: 	at com.android.internal.os.ZygoteInit$MethodAndArgsCaller.run(ZygoteInit.java:908)
04-30 09:39:35.555  6107  6107 W System.err: 	at com.android.internal.os.ZygoteInit.main(ZygoteInit.java:703)
04-30 09:39:35.555  6107  6107 W System.err: 	at de.robv.android.xposed.XposedBridge.main(XposedBridge.java:102)
04-30 09:39:35.595  3492  8239 W ContextImpl: Failed to ensure directory: /storage/sdcard1/Android/data/com.lbe.parallel.intl/files/log
04-30 09:39:35.605  3492  8239 W ContextImpl: Failed to ensure directory: /storage/sdcard1/Android/data/com.lbe.parallel.intl/files/log
04-30 09:39:35.725  3492  3492 W System.err: android.content.pm.PackageManager$NameNotFoundException: com.lbe.parallel.intl.arm64
04-30 09:39:35.735  3492  3492 W System.err: 	at android.app.ApplicationPackageManager.getPackageInfo(ApplicationPackageManager.java:114)
04-30 09:39:35.735  3492  3492 W System.err: 	at com.lbe.parallel.utility.ai.o(SystemInfo.java:844)
04-30 09:39:35.735  3492  3492 W System.err: 	at com.lbe.parallel.nk$1.run(MUICallback.java:92)
04-30 09:39:35.735  3492  3492 W System.err: 	at android.os.Handler.handleCallback(Handler.java:739)
04-30 09:39:35.735  3492  3492 W System.err: 	at android.os.Handler.dispatchMessage(Handler.java:95)
04-30 09:39:35.735  3492  3492 W System.err: 	at android.os.Looper.loop(Looper.java:135)
04-30 09:39:35.735  3492  3492 W System.err: 	at android.app.ActivityThread.main(ActivityThread.java:5283)
04-30 09:39:35.735  3492  3492 W System.err: 	at java.lang.reflect.Method.invoke(Native Method)
04-30 09:39:35.735  3492  3492 W System.err: 	at java.lang.reflect.Method.invoke(Method.java:372)
04-30 09:39:35.735  3492  3492 W System.err: 	at com.android.internal.os.ZygoteInit$MethodAndArgsCaller.run(ZygoteInit.java:908)
04-30 09:39:35.735  3492  3492 W System.err: 	at com.android.internal.os.ZygoteInit.main(ZygoteInit.java:703)
04-30 09:39:35.735  3492  3492 W System.err: 	at de.robv.android.xposed.XposedBridge.main(XposedBridge.java:102)
04-30 09:39:35.855  3492  3492 I ViewRootImpl: CPU Rendering VSync enable = true
04-30 09:39:35.935  6107  6107 I art     : System.exit called, status: 0
04-30 09:39:35.935  6107  6107 I AndroidRuntime: VM exiting with result code 0, cleanup skipped.
04-30 09:39:36.045  3492  3574 E JavaBinder: !!! FAILED BINDER TRANSACTION !!!
04-30 09:39:36.045  3492  3574 W System.err: android.os.TransactionTooLargeException
04-30 09:39:36.055  3492  3574 W System.err: 	at android.os.BinderProxy.transactNative(Native Method)
04-30 09:39:36.055  3492  3574 W System.err: 	at android.os.BinderProxy.transact(Binder.java:496)
04-30 09:39:36.055  3492  3574 W System.err: 	at com.lbe.doubleagent.client.d$a$a.a(IDAClient.java:419)
04-30 09:39:36.055  3492  3574 W System.err: 	at com.lbe.doubleagent.service.DAActivityManager.a(DAActivityManager.java:2459)
04-30 09:39:36.055  3492  3574 W System.err: 	at com.lbe.doubleagent.service.DAActivityManager$g.onReceive(DAActivityManager.java:309)
04-30 09:39:36.055  3492  3574 W System.err: 	at android.app.LoadedApk$ReceiverDispatcher$Args.run(LoadedApk.java:868)
04-30 09:39:36.055  3492  3574 W System.err: 	at android.os.Handler.handleCallback(Handler.java:739)
04-30 09:39:36.055  3492  3574 W System.err: 	at android.os.Handler.dispatchMessage(Handler.java:95)
04-30 09:39:36.055  3492  3574 W System.err: 	at android.os.Looper.loop(Looper.java:135)
04-30 09:39:36.055  3492  3574 W System.err: 	at android.os.HandlerThread.run(HandlerThread.java:61)
04-30 09:39:36.295  8248  8248 I art     : Rejecting re-init on previously-failed class java.lang.Class<android.content.res.XResources>
04-30 09:39:36.295  8248  8248 E Xposed  : java.lang.IncompatibleClassChangeError: android.content.res.XResources
04-30 09:39:36.295  8248  8248 E Xposed  : 	at de.robv.android.xposed.XposedInit$5.afterHookedMethod(XposedInit.java:182)
04-30 09:39:36.295  8248  8248 E Xposed  : 	at de.robv.android.xposed.XposedBridge.handleHookedMethod(XposedBridge.java:348)
04-30 09:39:36.295  8248  8248 E Xposed  : 	at android.app.LoadedApk.<init>(<Xposed>)
04-30 09:39:36.295  8248  8248 E Xposed  : 	at android.app.ContextImpl.createSystemContext(ContextImpl.java:2247)
04-30 09:39:36.295  8248  8248 E Xposed  : 	at android.app.ActivityThread.getSystemContext(ActivityThread.java:1841)
04-30 09:39:36.295  8248  8248 E Xposed  : 	at android.app.ActivityThread$DropBoxReporter.<init>(ActivityThread.java:5232)
04-30 09:39:36.295  8248  8248 E Xposed  : 	at android.app.ActivityThread.attach(ActivityThread.java:5161)
04-30 09:39:36.295  8248  8248 E Xposed  : 	at android.app.ActivityThread.main(ActivityThread.java:5272)
04-30 09:39:36.295  8248  8248 E Xposed  : 	at java.lang.reflect.Method.invoke(Native Method)
04-30 09:39:36.295  8248  8248 E Xposed  : 	at java.lang.reflect.Method.invoke(Method.java:372)
04-30 09:39:36.295  8248  8248 E Xposed  : 	at com.android.internal.os.ZygoteInit$MethodAndArgsCaller.run(ZygoteInit.java:908)
04-30 09:39:36.295  8248  8248 E Xposed  : 	at com.android.internal.os.ZygoteInit.main(ZygoteInit.java:703)
04-30 09:39:36.295  8248  8248 E Xposed  : 	at de.robv.android.xposed.XposedBridge.main(XposedBridge.java:102)
04-30 09:39:36.315  8248  8248 I art     : Rejecting re-init on previously-failed class java.lang.Class<android.content.res.XResources>
04-30 09:39:36.315  8248  8248 E Xposed  : java.lang.IncompatibleClassChangeError: android.content.res.XResources
04-30 09:39:36.315  8248  8248 E Xposed  : 	at de.robv.android.xposed.XposedInit$5.afterHookedMethod(XposedInit.java:182)
04-30 09:39:36.315  8248  8248 E Xposed  : 	at de.robv.android.xposed.XposedBridge.handleHookedMethod(XposedBridge.java:348)
04-30 09:39:36.315  8248  8248 E Xposed  : 	at android.app.LoadedApk.<init>(<Xposed>)
04-30 09:39:36.315  8248  8248 E Xposed  : 	at android.app.ActivityThread.getPackageInfo(ActivityThread.java:1781)
04-30 09:39:36.315  8248  8248 E Xposed  : 	at android.app.ActivityThread.getPackageInfoNoCheck(ActivityThread.java:1748)
04-30 09:39:36.315  8248  8248 E Xposed  : 	at de.robv.android.xposed.XposedInit$2.beforeHookedMethod(XposedInit.java:107)
04-30 09:39:36.315  8248  8248 E Xposed  : 	at de.robv.android.xposed.XposedBridge.handleHookedMethod(XposedBridge.java:314)
04-30 09:39:36.315  8248  8248 E Xposed  : 	at android.app.ActivityThread.handleBindApplication(<Xposed>)
04-30 09:39:36.315  8248  8248 E Xposed  : 	at android.app.ActivityThread.access$1500(ActivityThread.java:154)
04-30 09:39:36.315  8248  8248 E Xposed  : 	at android.app.ActivityThread$H.handleMessage(ActivityThread.java:1376)
04-30 09:39:36.315  8248  8248 E Xposed  : 	at android.os.Handler.dispatchMessage(Handler.java:102)
04-30 09:39:36.315  8248  8248 E Xposed  : 	at android.os.Looper.loop(Looper.java:135)
04-30 09:39:36.315  8248  8248 E Xposed  : 	at android.app.ActivityThread.main(ActivityThread.java:5283)
04-30 09:39:36.315  8248  8248 E Xposed  : 	at java.lang.reflect.Method.invoke(Native Method)
04-30 09:39:36.315  8248  8248 E Xposed  : 	at java.lang.reflect.Method.invoke(Method.java:372)
04-30 09:39:36.315  8248  8248 E Xposed  : 	at com.android.internal.os.ZygoteInit$MethodAndArgsCaller.run(ZygoteInit.java:908)
04-30 09:39:36.315  8248  8248 E Xposed  : 	at com.android.internal.os.ZygoteInit.main(ZygoteInit.java:703)
04-30 09:39:36.315  8248  8248 E Xposed  : 	at de.robv.android.xposed.XposedBridge.main(XposedBridge.java:102)
04-30 09:39:36.315  8248  8248 I art     : Rejecting re-init on previously-failed class java.lang.Class<android.content.res.XResources>
04-30 09:39:36.315  8248  8248 E Xposed  : java.lang.IncompatibleClassChangeError: android.content.res.XResources
04-30 09:39:36.315  8248  8248 E Xposed  : 	at de.robv.android.xposed.XposedInit$2.beforeHookedMethod(XposedInit.java:108)
04-30 09:39:36.315  8248  8248 E Xposed  : 	at de.robv.android.xposed.XposedBridge.handleHookedMethod(XposedBridge.java:314)
04-30 09:39:36.315  8248  8248 E Xposed  : 	at android.app.ActivityThread.handleBindApplication(<Xposed>)
04-30 09:39:36.315  8248  8248 E Xposed  : 	at android.app.ActivityThread.access$1500(ActivityThread.java:154)
04-30 09:39:36.315  8248  8248 E Xposed  : 	at android.app.ActivityThread$H.handleMessage(ActivityThread.java:1376)
04-30 09:39:36.315  8248  8248 E Xposed  : 	at android.os.Handler.dispatchMessage(Handler.java:102)
04-30 09:39:36.315  8248  8248 E Xposed  : 	at android.os.Looper.loop(Looper.java:135)
04-30 09:39:36.315  8248  8248 E Xposed  : 	at android.app.ActivityThread.main(ActivityThread.java:5283)
04-30 09:39:36.315  8248  8248 E Xposed  : 	at java.lang.reflect.Method.invoke(Native Method)
04-30 09:39:36.315  8248  8248 E Xposed  : 	at java.lang.reflect.Method.invoke(Method.java:372)
04-30 09:39:36.315  8248  8248 E Xposed  : 	at com.android.internal.os.ZygoteInit$MethodAndArgsCaller.run(ZygoteInit.java:908)
04-30 09:39:36.315  8248  8248 E Xposed  : 	at com.android.internal.os.ZygoteInit.main(ZygoteInit.java:703)
04-30 09:39:36.315  8248  8248 E Xposed  : 	at de.robv.android.xposed.XposedBridge.main(XposedBridge.java:102)
04-30 09:39:36.405  8248  8248 W System.err: my process name com.lbe.parallel.intl
04-30 09:39:36.845  8248  8248 W System.err: 1b96c11eca48bded30e1726082051754068aa103
04-30 09:39:37.195  8248  8248 I System.out: InstallReceiver: has static register
04-30 09:39:37.295  8248  8248 I System.out: AdInstallReceiver: has static register
04-30 09:39:37.495  8248  8266 I art     : Background partial concurrent mark sweep GC freed 21453(1685KB) AllocSpace objects, 2(32KB) LOS objects, 39% free, 8MB/14MB, paused 7.038ms total 55.065ms
04-30 09:39:37.555  8248  8248 I art     : Rejecting re-init on previously-failed class java.lang.Class<android.content.res.XResources>
04-30 09:39:37.565  8248  8248 E Xposed  : java.lang.IncompatibleClassChangeError: android.content.res.XResources
04-30 09:39:37.565  8248  8248 E Xposed  : 	at de.robv.android.xposed.XposedInit$5.afterHookedMethod(XposedInit.java:182)
04-30 09:39:37.565  8248  8248 E Xposed  : 	at de.robv.android.xposed.XposedBridge.handleHookedMethod(XposedBridge.java:348)
04-30 09:39:37.565  8248  8248 E Xposed  : 	at android.app.LoadedApk.<init>(<Xposed>)
04-30 09:39:37.565  8248  8248 E Xposed  : 	at android.app.ActivityThread.getPackageInfo(ActivityThread.java:1781)
04-30 09:39:37.565  8248  8248 E Xposed  : 	at android.app.ActivityThread.getPackageInfo(ActivityThread.java:1742)
04-30 09:39:37.565  8248  8248 E Xposed  : 	at android.app.ActivityThread.getPackageInfo(ActivityThread.java:1714)
04-30 09:39:37.565  8248  8248 E Xposed  : 	at android.app.ContextImpl.createPackageContextAsUser(ContextImpl.java:2173)
04-30 09:39:37.565  8248  8248 E Xposed  : 	at android.app.ContextImpl.createPackageContext(ContextImpl.java:2160)
04-30 09:39:37.565  8248  8248 E Xposed  : 	at android.content.ContextWrapper.createPackageContext(ContextWrapper.java:671)
04-30 09:39:37.565  8248  8248 E Xposed  : 	at android.content.ContextWrapper.createPackageContext(ContextWrapper.java:671)
04-30 09:39:37.565  8248  8248 E Xposed  : 	at com.google.android.gms.common.zzo.getRemoteContext(Unknown Source)
04-30 09:39:37.565  8248  8248 E Xposed  : 	at com.google.android.gms.dynamic.zzp.zzaS(Unknown Source)
04-30 09:39:37.565  8248  8248 E Xposed  : 	at com.google.android.gms.internal.zzli.zzh(Unknown Source)
04-30 09:39:37.565  8248  8248 E Xposed  : 	at com.google.android.gms.internal.zzje.zzdo(Unknown Source)
04-30 09:39:37.565  8248  8248 E Xposed  : 	at com.google.android.gms.internal.zziz$zza.zzdq(Unknown Source)
04-30 09:39:37.565  8248  8248 E Xposed  : 	at com.google.android.gms.internal.zziz.zza(Unknown Source)
04-30 09:39:37.565  8248  8248 E Xposed  : 	at com.google.android.gms.internal.zzlf.zza(Unknown Source)
04-30 09:39:37.565  8248  8248 E Xposed  : 	at com.google.android.gms.ads.MobileAds.initialize(Unknown Source)
04-30 09:39:37.565  8248  8248 E Xposed  : 	at com.google.android.gms.ads.MobileAds.initialize(Unknown Source)
04-30 09:39:37.565  8248  8248 E Xposed  : 	at com.lbe.parallel.us$1.run(AdMobSDK.java:28)
04-30 09:39:37.565  8248  8248 E Xposed  : 	at android.os.Handler.handleCallback(Handler.java:739)
04-30 09:39:37.565  8248  8248 E Xposed  : 	at android.os.Handler.dispatchMessage(Handler.java:95)
04-30 09:39:37.565  8248  8248 E Xposed  : 	at android.os.Looper.loop(Looper.java:135)
04-30 09:39:37.565  8248  8248 E Xposed  : 	at android.app.ActivityThread.main(ActivityThread.java:5283)
04-30 09:39:37.565  8248  8248 E Xposed  : 	at java.lang.reflect.Method.invoke(Native Method)
04-30 09:39:37.565  8248  8248 E Xposed  : 	at java.lang.reflect.Method.invoke(Method.java:372)
04-30 09:39:37.565  8248  8248 E Xposed  : 	at com.android.internal.os.ZygoteInit$MethodAndArgsCaller.run(ZygoteInit.java:908)
04-30 09:39:37.565  8248  8248 E Xposed  : 	at com.android.internal.os.ZygoteInit.main(ZygoteInit.java:703)
04-30 09:39:37.565  8248  8248 E Xposed  : 	at de.robv.android.xposed.XposedBridge.main(XposedBridge.java:102)
04-30 09:39:37.705  8248  8248 I art     : Rejecting re-init on previously-failed class java.lang.Class<android.content.res.XResources>
04-30 09:39:37.705  8248  8248 E Xposed  : java.lang.IncompatibleClassChangeError: android.content.res.XResources
04-30 09:39:37.705  8248  8248 E Xposed  : 	at de.robv.android.xposed.XposedInit$5.afterHookedMethod(XposedInit.java:182)
04-30 09:39:37.705  8248  8248 E Xposed  : 	at de.robv.android.xposed.XposedBridge.handleHookedMethod(XposedBridge.java:348)
04-30 09:39:37.705  8248  8248 E Xposed  : 	at android.app.LoadedApk.<init>(<Xposed>)
04-30 09:39:37.705  8248  8248 E Xposed  : 	at android.app.ActivityThread.getPackageInfo(ActivityThread.java:1781)
04-30 09:39:37.705  8248  8248 E Xposed  : 	at android.app.ActivityThread.getPackageInfo(ActivityThread.java:1742)
04-30 09:39:37.705  8248  8248 E Xposed  : 	at android.app.ActivityThread.getPackageInfo(ActivityThread.java:1714)
04-30 09:39:37.705  8248  8248 E Xposed  : 	at android.app.ContextImpl.createPackageContextAsUser(ContextImpl.java:2173)
04-30 09:39:37.705  8248  8248 E Xposed  : 	at android.app.ContextImpl.createPackageContext(ContextImpl.java:2160)
04-30 09:39:37.705  8248  8248 E Xposed  : 	at android.content.ContextWrapper.createPackageContext(ContextWrapper.java:671)
04-30 09:39:37.705  8248  8248 E Xposed  : 	at android.content.ContextWrapper.createPackageContext(ContextWrapper.java:671)
04-30 09:39:37.705  8248  8248 E Xposed  : 	at mae.a(:com.google.android.gms@12529011@12.5.29 (020406-192802242):1)
04-30 09:39:37.705  8248  8248 E Xposed  : 	at maf.a(:com.google.android.gms@12529011@12.5.29 (020406-192802242):3)
04-30 09:39:37.705  8248  8248 E Xposed  : 	at egi.<init>(:com.google.android.gms@12529011@12.5.29 (020406-192802242):2)
04-30 09:39:37.705  8248  8248 E Xposed  : 	at egi.a(:com.google.android.gms@12529011@12.5.29 (020406-192802242):1)
04-30 09:39:37.705  8248  8248 E Xposed  : 	at com.google.android.gms.ads.MobileAdsSettingManagerCreatorImpl.getMobileAdsSettingManager(:com.google.android.gms@12529011@12.5.29 (020406-192802242):6)
04-30 09:39:37.705  8248  8248 E Xposed  : 	at com.google.android.gms.ads.internal.client.q.onTransact(:com.google.android.gms@12529011@12.5.29 (020406-192802242):6)
04-30 09:39:37.705  8248  8248 E Xposed  : 	at android.os.Binder.transact(Binder.java:380)
04-30 09:39:37.705  8248  8248 E Xposed  : 	at com.google.android.gms.internal.zzed.zza(Unknown Source)
04-30 09:39:37.705  8248  8248 E Xposed  : 	at com.google.android.gms.internal.zzkr.zza(Unknown Source)
04-30 09:39:37.705  8248  8248 E Xposed  : 	at com.google.android.gms.internal.zzli.zzh(Unknown Source)
04-30 09:39:37.705  8248  8248 E Xposed  : 	at com.google.android.gms.internal.zzje.zzdo(Unknown Source)
04-30 09:39:37.705  8248  8248 E Xposed  : 	at com.google.android.gms.internal.zziz$zza.zzdq(Unknown Source)
04-30 09:39:37.705  8248  8248 E Xposed  : 	at com.google.android.gms.internal.zziz.zza(Unknown Source)
04-30 09:39:37.705  8248  8248 E Xposed  : 	at com.google.android.gms.internal.zzlf.zza(Unknown Source)
04-30 09:39:37.705  8248  8248 E Xposed  : 	at com.google.android.gms.ads.MobileAds.initialize(Unknown Source)
04-30 09:39:37.705  8248  8248 E Xposed  : 	at com.google.android.gms.ads.MobileAds.initialize(Unknown Source)
04-30 09:39:37.705  8248  8248 E Xposed  : 	at com.lbe.parallel.us$1.run(AdMobSDK.java:28)
04-30 09:39:37.705  8248  8248 E Xposed  : 	at android.os.Handler.handleCallback(Handler.java:739)
04-30 09:39:37.705  8248  8248 E Xposed  : 	at android.os.Handler.dispatchMessage(Handler.java:95)
04-30 09:39:37.705  8248  8248 E Xposed  : 	at android.os.Looper.loop(Looper.java:135)
04-30 09:39:37.705  8248  8248 E Xposed  : 	at android.app.ActivityThread.main(ActivityThread.java:5283)
04-30 09:39:37.705  8248  8248 E Xposed  : 	at java.lang.reflect.Method.invoke(Native Method)
04-30 09:39:37.705  8248  8248 E Xposed  : 	at java.lang.reflect.Method.invoke(Method.java:372)
04-30 09:39:37.705  8248  8248 E Xposed  : 	at com.android.internal.os.ZygoteInit$MethodAndArgsCaller.run(ZygoteInit.java:908)
04-30 09:39:37.705  8248  8248 E Xposed  : 	at com.android.internal.os.ZygoteInit.main(ZygoteInit.java:703)
04-30 09:39:37.705  8248  8248 E Xposed  : 	at de.robv.android.xposed.XposedBridge.main(XposedBridge.java:102)
04-30 09:39:38.065  8248  8248 I art     : Rejecting re-init on previously-failed class java.lang.Class<android.content.res.XResources>
04-30 09:39:38.065  8248  8248 E Xposed  : java.lang.IncompatibleClassChangeError: android.content.res.XResources
04-30 09:39:38.065  8248  8248 E Xposed  : 	at de.robv.android.xposed.XposedInit$6.beforeHookedMethod(XposedInit.java:204)
04-30 09:39:38.065  8248  8248 E Xposed  : 	at de.robv.android.xposed.XposedBridge.handleHookedMethod(XposedBridge.java:314)
04-30 09:39:38.065  8248  8248 E Xposed  : 	at android.app.ApplicationPackageManager.getResourcesForApplication(<Xposed>)
04-30 09:39:38.065  8248  8248 E Xposed  : 	at cyz.c(:com.google.android.gms@12529011@12.5.29 (020406-192802242):1)
04-30 09:39:38.065  8248  8248 E Xposed  : 	at czw.a(:com.google.android.gms@12529011@12.5.29 (020406-192802242):56)
04-30 09:39:38.065  8248  8248 E Xposed  : 	at czw.a(:com.google.android.gms@12529011@12.5.29 (020406-192802242):102)
04-30 09:39:38.065  8248  8248 E Xposed  : 	at czw.a(:com.google.android.gms@12529011@12.5.29 (020406-192802242):52)
04-30 09:39:38.065  8248  8248 E Xposed  : 	at czw.a(:com.google.android.gms@12529011@12.5.29 (020406-192802242):118)
04-30 09:39:38.065  8248  8248 E Xposed  : 	at czw.a(:com.google.android.gms@12529011@12.5.29 (020406-192802242):115)
04-30 09:39:38.065  8248  8248 E Xposed  : 	at com.google.android.chimera.container.ConfigurationManager.a(:com.google.android.gms@12529011@12.5.29 (020406-192802242):5)
04-30 09:39:38.065  8248  8248 E Xposed  : 	at com.google.android.chimera.container.ConfigurationManager.a(:com.google.android.gms@12529011@12.5.29 (020406-192802242):138)
04-30 09:39:38.065  8248  8248 E Xposed  : 	at maf.a(:com.google.android.gms@12529011@12.5.29 (020406-192802242):9)
04-30 09:39:38.065  8248  8248 E Xposed  : 	at egi.<init>(:com.google.android.gms@12529011@12.5.29 (020406-192802242):2)
04-30 09:39:38.065  8248  8248 E Xposed  : 	at egi.a(:com.google.android.gms@12529011@12.5.29 (020406-192802242):1)
04-30 09:39:38.065  8248  8248 E Xposed  : 	at com.google.android.gms.ads.MobileAdsSettingManagerCreatorImpl.getMobileAdsSettingManager(:com.google.android.gms@12529011@12.5.29 (020406-192802242):6)
04-30 09:39:38.065  8248  8248 E Xposed  : 	at com.google.android.gms.ads.internal.client.q.onTransact(:com.google.android.gms@12529011@12.5.29 (020406-192802242):6)
04-30 09:39:38.065  8248  8248 E Xposed  : 	at android.os.Binder.transact(Binder.java:380)
04-30 09:39:38.065  8248  8248 E Xposed  : 	at com.google.android.gms.internal.zzed.zza(Unknown Source)
04-30 09:39:38.065  8248  8248 E Xposed  : 	at com.google.android.gms.internal.zzkr.zza(Unknown Source)
04-30 09:39:38.065  8248  8248 E Xposed  : 	at com.google.android.gms.internal.zzli.zzh(Unknown Source)
04-30 09:39:38.065  8248  8248 E Xposed  : 	at com.google.android.gms.internal.zzje.zzdo(Unknown Source)
04-30 09:39:38.065  8248  8248 E Xposed  : 	at com.google.android.gms.internal.zziz$zza.zzdq(Unknown Source)
04-30 09:39:38.065  8248  8248 E Xposed  : 	at com.google.android.gms.internal.zziz.zza(Unknown Source)
04-30 09:39:38.065  8248  8248 E Xposed  : 	at com.google.android.gms.internal.zzlf.zza(Unknown Source)
04-30 09:39:38.065  8248  8248 E Xposed  : 	at com.google.android.gms.ads.MobileAds.initialize(Unknown Source)
04-30 09:39:38.065  8248  8248 E Xposed  : 	at com.google.android.gms.ads.MobileAds.initialize(Unknown Source)
04-30 09:39:38.065  8248  8248 E Xposed  : 	at com.lbe.parallel.us$1.run(AdMobSDK.java:28)
04-30 09:39:38.065  8248  8248 E Xposed  : 	at android.os.Handler.handleCallback(Handler.java:739)
04-30 09:39:38.065  8248  8248 E Xposed  : 	at android.os.Handler.dispatchMessage(Handler.java:95)
04-30 09:39:38.065  8248  8248 E Xposed  : 	at android.os.Looper.loop(Looper.java:135)
04-30 09:39:38.065  8248  8248 E Xposed  : 	at android.app.ActivityThread.main(ActivityThread.java:5283)
04-30 09:39:38.065  8248  8248 E Xposed  : 	at java.lang.reflect.Method.invoke(Native Method)
04-30 09:39:38.065  8248  8248 E Xposed  : 	at java.lang.reflect.Method.invoke(Method.java:372)
04-30 09:39:38.065  8248  8248 E Xposed  : 	at com.android.internal.os.ZygoteInit$MethodAndArgsCaller.run(ZygoteInit.java:908)
04-30 09:39:38.065  8248  8248 E Xposed  : 	at com.android.internal.os.ZygoteInit.main(ZygoteInit.java:703)
04-30 09:39:38.065  8248  8248 E Xposed  : 	at de.robv.android.xposed.XposedBridge.main(XposedBridge.java:102)
04-30 09:39:38.075  8248  8248 I art     : Rejecting re-init on previously-failed class java.lang.Class<android.content.res.XResources>
04-30 09:39:38.075  8248  8248 E Xposed  : java.lang.IncompatibleClassChangeError: android.content.res.XResources
04-30 09:39:38.075  8248  8248 E Xposed  : 	at de.robv.android.xposed.XposedInit$6.beforeHookedMethod(XposedInit.java:204)
04-30 09:39:38.075  8248  8248 E Xposed  : 	at de.robv.android.xposed.XposedBridge.handleHookedMethod(XposedBridge.java:314)
04-30 09:39:38.075  8248  8248 E Xposed  : 	at android.app.ApplicationPackageManager.getResourcesForApplication(<Xposed>)
04-30 09:39:38.075  8248  8248 E Xposed  : 	at cyz.c(:com.google.android.gms@12529011@12.5.29 (020406-192802242):1)
04-30 09:39:38.075  8248  8248 E Xposed  : 	at czw.a(:com.google.android.gms@12529011@12.5.29 (020406-192802242):56)
04-30 09:39:38.075  8248  8248 E Xposed  : 	at czw.a(:com.google.android.gms@12529011@12.5.29 (020406-192802242):120)
04-30 09:39:38.075  8248  8248 E Xposed  : 	at czw.a(:com.google.android.gms@12529011@12.5.29 (020406-192802242):115)
04-30 09:39:38.075  8248  8248 E Xposed  : 	at com.google.android.chimera.container.ConfigurationManager.a(:com.google.android.gms@12529011@12.5.29 (020406-192802242):5)
04-30 09:39:38.075  8248  8248 E Xposed  : 	at com.google.android.chimera.container.ConfigurationManager.a(:com.google.android.gms@12529011@12.5.29 (020406-192802242):138)
04-30 09:39:38.075  8248  8248 E Xposed  : 	at maf.a(:com.google.android.gms@12529011@12.5.29 (020406-192802242):9)
04-30 09:39:38.075  8248  8248 E Xposed  : 	at egi.<init>(:com.google.android.gms@12529011@12.5.29 (020406-192802242):2)
04-30 09:39:38.075  8248  8248 E Xposed  : 	at egi.a(:com.google.android.gms@12529011@12.5.29 (020406-192802242):1)
04-30 09:39:38.075  8248  8248 E Xposed  : 	at com.google.android.gms.ads.MobileAdsSettingManagerCreatorImpl.getMobileAdsSettingManager(:com.google.android.gms@12529011@12.5.29 (020406-192802242):6)
04-30 09:39:38.075  8248  8248 E Xposed  : 	at com.google.android.gms.ads.internal.client.q.onTransact(:com.google.android.gms@12529011@12.5.29 (020406-192802242):6)
04-30 09:39:38.075  8248  8248 E Xposed  : 	at android.os.Binder.transact(Binder.java:380)
04-30 09:39:38.075  8248  8248 E Xposed  : 	at com.google.android.gms.internal.zzed.zza(Unknown Source)
04-30 09:39:38.075  8248  8248 E Xposed  : 	at com.google.android.gms.internal.zzkr.zza(Unknown Source)
04-30 09:39:38.075  8248  8248 E Xposed  : 	at com.google.android.gms.internal.zzli.zzh(Unknown Source)
04-30 09:39:38.075  8248  8248 E Xposed  : 	at com.google.android.gms.internal.zzje.zzdo(Unknown Source)
04-30 09:39:38.075  8248  8248 E Xposed  : 	at com.google.android.gms.internal.zziz$zza.zzdq(Unknown Source)
04-30 09:39:38.075  8248  8248 E Xposed  : 	at com.google.android.gms.internal.zziz.zza(Unknown Source)
04-30 09:39:38.075  8248  8248 E Xposed  : 	at com.google.android.gms.internal.zzlf.zza(Unknown Source)
04-30 09:39:38.075  8248  8248 E Xposed  : 	at com.google.android.gms.ads.MobileAds.initialize(Unknown Source)
04-30 09:39:38.075  8248  8248 E Xposed  : 	at com.google.android.gms.ads.MobileAds.initialize(Unknown Source)
04-30 09:39:38.075  8248  8248 E Xposed  : 	at com.lbe.parallel.us$1.run(AdMobSDK.java:28)
04-30 09:39:38.075  8248  8248 E Xposed  : 	at android.os.Handler.handleCallback(Handler.java:739)
04-30 09:39:38.075  8248  8248 E Xposed  : 	at android.os.Handler.dispatchMessage(Handler.java:95)
04-30 09:39:38.075  8248  8248 E Xposed  : 	at android.os.Looper.loop(Looper.java:135)
04-30 09:39:38.075  8248  8248 E Xposed  : 	at android.app.ActivityThread.main(ActivityThread.java:5283)
04-30 09:39:38.075  8248  8248 E Xposed  : 	at java.lang.reflect.Method.invoke(Native Method)
04-30 09:39:38.075  8248  8248 E Xposed  : 	at java.lang.reflect.Method.invoke(Method.java:372)
04-30 09:39:38.075  8248  8248 E Xposed  : 	at com.android.internal.os.ZygoteInit$MethodAndArgsCaller.run(ZygoteInit.java:908)
04-30 09:39:38.075  8248  8248 E Xposed  : 	at com.android.internal.os.ZygoteInit.main(ZygoteInit.java:703)
04-30 09:39:38.075  8248  8248 E Xposed  : 	at de.robv.android.xposed.XposedBridge.main(XposedBridge.java:102)
04-30 09:39:38.075  8248  8248 D DynamitePackage: Instantiated singleton DynamitePackage.
04-30 09:39:38.075  8248  8248 D DynamitePackage: Instantiating com.google.android.gms.ads.ChimeraMobileAdsSettingManagerCreatorImpl
04-30 09:39:39.595  8248  8248 I ViewRootImpl: CPU Rendering VSync enable = true
04-30 09:39:39.595  8248  8318 D OpenGLRenderer: Use EGL_SWAP_BEHAVIOR_PRESERVED: true
04-30 09:39:39.665  8248  8318 I Adreno-EGL: <qeglDrvAPI_eglInitialize:379>: EGL 1.4 QUALCOMM build: Nondeterministic_AU_msm8916_64_LA.BR.1.2.4_RB1__release_AU (Ic8ede1fb34)
04-30 09:39:39.665  8248  8318 I Adreno-EGL: OpenGL ES Shader Compiler Version: E031.25.03.04
04-30 09:39:39.665  8248  8318 I Adreno-EGL: Build Date: 12/10/15 Thu
04-30 09:39:39.665  8248  8318 I Adreno-EGL: Local Branch: 
04-30 09:39:39.665  8248  8318 I Adreno-EGL: Remote Branch: quic/LA.BR.1.2.4_rb1.30
04-30 09:39:39.665  8248  8318 I Adreno-EGL: Local Patches: NONE
04-30 09:39:39.665  8248  8318 I Adreno-EGL: Reconstruct Branch: NOTHING
04-30 09:39:39.675  8248  8318 I OpenGLRenderer: Initialized EGL, version 1.4
04-30 09:39:39.745  8248  8317 I art     : Rejecting re-init on previously-failed class java.lang.Class<android.content.res.XResources>
04-30 09:39:39.755  8248  8317 E Xposed  : java.lang.IncompatibleClassChangeError: android.content.res.XResources
04-30 09:39:39.755  8248  8317 E Xposed  : 	at de.robv.android.xposed.XposedInit$6.beforeHookedMethod(XposedInit.java:204)
04-30 09:39:39.755  8248  8317 E Xposed  : 	at de.robv.android.xposed.XposedBridge.handleHookedMethod(XposedBridge.java:314)
04-30 09:39:39.755  8248  8317 E Xposed  : 	at android.app.ApplicationPackageManager.getResourcesForApplication(<Xposed>)
04-30 09:39:39.755  8248  8317 E Xposed  : 	at android.app.ApplicationPackageManager.getText(ApplicationPackageManager.java:1153)
04-30 09:39:39.755  8248  8317 E Xposed  : 	at com.lbe.parallel.nf.getText(PackageManagerWrapper.java:633)
04-30 09:39:39.755  8248  8317 E Xposed  : 	at android.content.pm.PackageItemInfo.loadLabel(PackageItemInfo.java:132)
04-30 09:39:39.755  8248  8317 E Xposed  : 	at com.lbe.parallel.utility.c$1.b(AttributionIdentifiers.java:9155)
04-30 09:39:39.755  8248  8317 E Xposed  : 	at com.lbe.parallel.ry.q(InitEngnieTask.java:4233)
04-30 09:39:39.755  8248  8317 E Xposed  : 	at com.lbe.parallel.ry.d(InitEngnieTask.java:49)
04-30 09:39:39.755  8248  8317 E Xposed  : 	at android.support.v4.content.a$a.f(AsyncTaskLoader.java:1302)
04-30 09:39:39.755  8248  8317 E Xposed  : 	at android.support.v4.content.a$a.b(AsyncTaskLoader.java:45)
04-30 09:39:39.755  8248  8317 E Xposed  : 	at android.support.v4.content.e$d.call(ModernAsyncTask.java:1138)
04-30 09:39:39.755  8248  8317 E Xposed  : 	at java.util.concurrent.FutureTask.run(FutureTask.java:237)
04-30 09:39:39.755  8248  8317 E Xposed  : 	at java.util.concurrent.ThreadPoolExecutor.runWorker(ThreadPoolExecutor.java:1112)
04-30 09:39:39.755  8248  8317 E Xposed  : 	at java.util.concurrent.ThreadPoolExecutor$Worker.run(ThreadPoolExecutor.java:587)
04-30 09:39:39.755  8248  8317 E Xposed  : 	at java.lang.Thread.run(Thread.java:818)
04-30 09:39:39.775  8248  8274 W linker  : libwebviewchromium.so: unused DT entry: type 0x6ffffffe arg 0x13a2c
04-30 09:39:39.775  8248  8274 W linker  : libwebviewchromium.so: unused DT entry: type 0x6fffffff arg 0x3
04-30 09:39:39.775  8248  8318 D OpenGLRenderer: Enabling debug mode 0
04-30 09:39:39.865  8248  8317 I art     : Rejecting re-init on previously-failed class java.lang.Class<android.content.res.XResources>
04-30 09:39:39.865  8248  8317 E Xposed  : java.lang.IncompatibleClassChangeError: android.content.res.XResources
04-30 09:39:39.865  8248  8317 E Xposed  : 	at de.robv.android.xposed.XposedInit$6.beforeHookedMethod(XposedInit.java:204)
04-30 09:39:39.865  8248  8317 E Xposed  : 	at de.robv.android.xposed.XposedBridge.handleHookedMethod(XposedBridge.java:314)
04-30 09:39:39.865  8248  8317 E Xposed  : 	at android.app.ApplicationPackageManager.getResourcesForApplication(<Xposed>)
04-30 09:39:39.865  8248  8317 E Xposed  : 	at android.app.ApplicationPackageManager.getText(ApplicationPackageManager.java:1153)
04-30 09:39:39.865  8248  8317 E Xposed  : 	at com.lbe.parallel.nf.getText(PackageManagerWrapper.java:633)
04-30 09:39:39.865  8248  8317 E Xposed  : 	at android.content.pm.PackageItemInfo.loadLabel(PackageItemInfo.java:132)
04-30 09:39:39.865  8248  8317 E Xposed  : 	at com.lbe.parallel.utility.c$1.b(AttributionIdentifiers.java:9155)
04-30 09:39:39.865  8248  8317 E Xposed  : 	at com.lbe.parallel.ry.q(InitEngnieTask.java:4233)
04-30 09:39:39.865  8248  8317 E Xposed  : 	at com.lbe.parallel.ry.d(InitEngnieTask.java:49)
04-30 09:39:39.865  8248  8317 E Xposed  : 	at android.support.v4.content.a$a.f(AsyncTaskLoader.java:1302)
04-30 09:39:39.865  8248  8317 E Xposed  : 	at android.support.v4.content.a$a.b(AsyncTaskLoader.java:45)
04-30 09:39:39.865  8248  8317 E Xposed  : 	at android.support.v4.content.e$d.call(ModernAsyncTask.java:1138)
04-30 09:39:39.865  8248  8317 E Xposed  : 	at java.util.concurrent.FutureTask.run(FutureTask.java:237)
04-30 09:39:39.865  8248  8317 E Xposed  : 	at java.util.concurrent.ThreadPoolExecutor.runWorker(ThreadPoolExecutor.java:1112)
04-30 09:39:39.865  8248  8317 E Xposed  : 	at java.util.concurrent.ThreadPoolExecutor$Worker.run(ThreadPoolExecutor.java:587)
04-30 09:39:39.865  8248  8317 E Xposed  : 	at java.lang.Thread.run(Thread.java:818)
04-30 09:39:39.895  8248  8274 I WebViewFactory: Loading com.google.android.webview version 65.0.3325.109 (code 332510950)
04-30 09:39:39.895  8248  8274 I art     : Rejecting re-init on previously-failed class java.lang.Class<android.content.res.XResources>
04-30 09:39:39.895  8248  8274 E Xposed  : java.lang.IncompatibleClassChangeError: android.content.res.XResources
04-30 09:39:39.895  8248  8274 E Xposed  : 	at de.robv.android.xposed.XposedInit$5.afterHookedMethod(XposedInit.java:182)
04-30 09:39:39.895  8248  8274 E Xposed  : 	at de.robv.android.xposed.XposedBridge.handleHookedMethod(XposedBridge.java:348)
04-30 09:39:39.895  8248  8274 E Xposed  : 	at android.app.LoadedApk.<init>(<Xposed>)
04-30 09:39:39.895  8248  8274 E Xposed  : 	at android.app.ActivityThread.getPackageInfo(ActivityThread.java:1781)
04-30 09:39:39.895  8248  8274 E Xposed  : 	at android.app.ActivityThread.getPackageInfo(ActivityThread.java:1742)
04-30 09:39:39.895  8248  8274 E Xposed  : 	at android.app.ActivityThread.getPackageInfo(ActivityThread.java:1714)
04-30 09:39:39.895  8248  8274 E Xposed  : 	at android.app.ContextImpl.createPackageContextAsUser(ContextImpl.java:2173)
04-30 09:39:39.895  8248  8274 E Xposed  : 	at android.app.ContextImpl.createPackageContext(ContextImpl.java:2160)
04-30 09:39:39.895  8248  8274 E Xposed  : 	at android.content.ContextWrapper.createPackageContext(ContextWrapper.java:671)
04-30 09:39:39.895  8248  8274 E Xposed  : 	at android.content.ContextWrapper.createPackageContext(ContextWrapper.java:671)
04-30 09:39:39.895  8248  8274 E Xposed  : 	at android.webkit.WebViewFactory.getFactoryClass(WebViewFactory.java:151)
04-30 09:39:39.895  8248  8274 E Xposed  : 	at android.webkit.WebViewFactory.getProvider(WebViewFactory.java:109)
04-30 09:39:39.895  8248  8274 E Xposed  : 	at android.webkit.WebSettings.getDefaultUserAgent(WebSettings.java:1229)
04-30 09:39:39.895  8248  8274 E Xposed  : 	at com.virgo.ads.internal.utils.j.e(DeviceInfo.java:706)
04-30 09:39:39.895  8248  8274 E Xposed  : 	at com.virgo.ads.internal.utils.j.c(DeviceInfo.java:1511)
04-30 09:39:39.895  8248  8274 E Xposed  : 	at com.virgo.ads.internal.utils.j.b(DeviceInfo.java:64)
04-30 09:39:39.895  8248  8274 E Xposed  : 	at com.virgo.ads.i$2.run(VirgoSDK.java:152)
04-30 09:39:39.895  8248  8274 E Xposed  : 	at java.util.concurrent.ThreadPoolExecutor.runWorker(ThreadPoolExecutor.java:1112)
04-30 09:39:39.895  8248  8274 E Xposed  : 	at java.util.concurrent.ThreadPoolExecutor$Worker.run(ThreadPoolExecutor.java:587)
04-30 09:39:39.895  8248  8274 E Xposed  : 	at java.lang.Thread.run(Thread.java:818)
04-30 09:39:39.925  8248  8318 I qdutils : PartialUpdate status: Disabled
04-30 09:39:39.925  8248  8318 I qdutils : Left Align: 0
04-30 09:39:39.925  8248  8318 I qdutils : Width Align: 0
04-30 09:39:39.925  8248  8318 I qdutils : Top Align: 0
04-30 09:39:39.925  8248  8318 I qdutils : Height Align: 0
04-30 09:39:39.925  8248  8318 I qdutils : Min ROI Width: 0
04-30 09:39:39.925  8248  8318 I qdutils : Min ROI Height: 0
04-30 09:39:39.925  8248  8318 I qdutils : Needs ROI Merge: 0
04-30 09:39:39.925  8248  8318 I qdutils : Dynamic Fps: Disabled
04-30 09:39:39.925  8248  8318 I qdutils : Min Panel fps: 0
04-30 09:39:39.925  8248  8318 I qdutils : Max Panel fps: 0
04-30 09:39:40.095  8248  8274 I cr_LibraryLoader: Time to load native libraries: 4 ms (timestamps 4621-4625)
04-30 09:39:40.235  8248  8326 W System.err: java.io.FileNotFoundException: /data/data/com.lbe.parallel.intl/files/NEWS_CACHE: open failed: ENOENT (No such file or directory)
04-30 09:39:40.235  8248  8326 W System.err: 	at libcore.io.IoBridge.open(IoBridge.java:456)
04-30 09:39:40.235  8248  8326 W System.err: 	at java.io.FileInputStream.<init>(FileInputStream.java:76)
04-30 09:39:40.235  8248  8326 W System.err: 	at android.app.ContextImpl.openFileInput(ContextImpl.java:973)
04-30 09:39:40.235  8248  8326 W System.err: 	at android.content.ContextWrapper.openFileInput(ContextWrapper.java:176)
04-30 09:39:40.235  8248  8326 W System.err: 	at android.content.ContextWrapper.openFileInput(ContextWrapper.java:176)
04-30 09:39:40.235  8248  8326 W System.err: 	at com.lbe.parallel.n.b(AnimatorInflaterCompat.java:51032)
04-30 09:39:40.235  8248  8326 W System.err: 	at com.lbe.parallel.tt.r(NewsLoader.java:50)
04-30 09:39:40.235  8248  8326 W System.err: 	at com.lbe.parallel.tt.d(NewsLoader.java:23)
04-30 09:39:40.235  8248  8326 W System.err: 	at android.support.v4.content.a$a.f(AsyncTaskLoader.java:1302)
04-30 09:39:40.235  8248  8326 W System.err: 	at android.support.v4.content.a$a.b(AsyncTaskLoader.java:45)
04-30 09:39:40.235  8248  8326 W System.err: 	at android.support.v4.content.e$d.call(ModernAsyncTask.java:1138)
04-30 09:39:40.235  8248  8326 W System.err: 	at java.util.concurrent.FutureTask.run(FutureTask.java:237)
04-30 09:39:40.235  8248  8326 W System.err: 	at java.util.concurrent.ThreadPoolExecutor.runWorker(ThreadPoolExecutor.java:1112)
04-30 09:39:40.235  8248  8326 W System.err: 	at java.util.concurrent.ThreadPoolExecutor$Worker.run(ThreadPoolExecutor.java:587)
04-30 09:39:40.245  8248  8326 W System.err: 	at java.lang.Thread.run(Thread.java:818)
04-30 09:39:40.245  8248  8326 W System.err: Caused by: android.system.ErrnoException: open failed: ENOENT (No such file or directory)
04-30 09:39:40.245  8248  8326 W System.err: 	at libcore.io.Posix.open(Native Method)
04-30 09:39:40.245  8248  8326 W System.err: 	at libcore.io.BlockGuardOs.open(BlockGuardOs.java:186)
04-30 09:39:40.245  8248  8326 W System.err: 	at libcore.io.IoBridge.open(IoBridge.java:442)
04-30 09:39:40.245  8248  8326 W System.err: 	... 14 more
04-30 09:39:40.335  8248  8331 W ContextImpl: Failed to ensure directory: /storage/sdcard1/Android/data/com.lbe.parallel.intl/cache
04-30 09:39:40.345  8248  8332 I art     : Rejecting re-init on previously-failed class java.lang.Class<android.content.res.XResources>
04-30 09:39:40.345  8248  8332 E Xposed  : java.lang.IncompatibleClassChangeError: android.content.res.XResources
04-30 09:39:40.345  8248  8332 E Xposed  : 	at de.robv.android.xposed.XposedInit$6.beforeHookedMethod(XposedInit.java:204)
04-30 09:39:40.345  8248  8332 E Xposed  : 	at de.robv.android.xposed.XposedBridge.handleHookedMethod(XposedBridge.java:314)
04-30 09:39:40.345  8248  8332 E Xposed  : 	at android.app.ApplicationPackageManager.getResourcesForApplication(<Xposed>)
04-30 09:39:40.345  8248  8332 E Xposed  : 	at android.app.ApplicationPackageManager.getDrawable(ApplicationPackageManager.java:742)
04-30 09:39:40.345  8248  8332 E Xposed  : 	at android.app.MiuiThemeHelper.getDrawable(MiuiThemeHelper.java:103)
04-30 09:39:40.345  8248  8332 E Xposed  : 	at android.content.pm.PackageItemInfo.loadIcon(PackageItemInfo.java:157)
04-30 09:39:40.345  8248  8332 E Xposed  : 	at com.lbe.parallel.utility.c$1.a(AttributionIdentifiers.java:9065)
04-30 09:39:40.345  8248  8332 E Xposed  : 	at com.lbe.parallel.nz.a(ThemeIconLoadTask.java:43)
04-30 09:39:40.345  8248  8332 E Xposed  : 	at com.lbe.parallel.nv.b(ImageLoaderManager.java:2286)
04-30 09:39:40.345  8248  8332 E Xposed  : 	at com.lbe.parallel.nv$a.run(ImageLoaderManager.java:229)
04-30 09:39:40.345  8248  8332 E Xposed  : 	at java.util.concurrent.ThreadPoolExecutor.runWorker(ThreadPoolExecutor.java:1112)
04-30 09:39:40.345  8248  8332 E Xposed  : 	at java.util.concurrent.ThreadPoolExecutor$Worker.run(ThreadPoolExecutor.java:587)
04-30 09:39:40.345  8248  8332 E Xposed  : 	at java.lang.Thread.run(Thread.java:818)
04-30 09:39:40.345  8248  8331 I art     : Rejecting re-init on previously-failed class java.lang.Class<android.content.res.XResources>
04-30 09:39:40.345  8248  8331 E Xposed  : java.lang.IncompatibleClassChangeError: android.content.res.XResources
04-30 09:39:40.345  8248  8331 E Xposed  : 	at de.robv.android.xposed.XposedInit$6.beforeHookedMethod(XposedInit.java:204)
04-30 09:39:40.345  8248  8331 E Xposed  : 	at de.robv.android.xposed.XposedBridge.handleHookedMethod(XposedBridge.java:314)
04-30 09:39:40.345  8248  8331 E Xposed  : 	at android.app.ApplicationPackageManager.getResourcesForApplication(<Xposed>)
04-30 09:39:40.345  8248  8331 E Xposed  : 	at android.app.ApplicationPackageManager.getDrawable(ApplicationPackageManager.java:742)
04-30 09:39:40.345  8248  8331 E Xposed  : 	at android.app.MiuiThemeHelper.getDrawable(MiuiThemeHelper.java:103)
04-30 09:39:40.345  8248  8331 E Xposed  : 	at android.content.pm.PackageItemInfo.loadIcon(PackageItemInfo.java:157)
04-30 09:39:40.345  8248  8331 E Xposed  : 	at com.lbe.parallel.utility.c$1.a(AttributionIdentifiers.java:9065)
04-30 09:39:40.345  8248  8331 E Xposed  : 	at com.lbe.parallel.nz.a(ThemeIconLoadTask.java:43)
04-30 09:39:40.345  8248  8331 E Xposed  : 	at com.lbe.parallel.nv.b(ImageLoaderManager.java:2286)
04-30 09:39:40.345  8248  8331 E Xposed  : 	at com.lbe.parallel.nv$a.run(ImageLoaderManager.java:229)
04-30 09:39:40.345  8248  8331 E Xposed  : 	at java.util.concurrent.ThreadPoolExecutor.runWorker(ThreadPoolExecutor.java:1112)
04-30 09:39:40.345  8248  8331 E Xposed  : 	at java.util.concurrent.ThreadPoolExecutor$Worker.run(ThreadPoolExecutor.java:587)
04-30 09:39:40.345  8248  8331 E Xposed  : 	at java.lang.Thread.run(Thread.java:818)
04-30 09:39:40.365  8248  8331 W IconCustomizer: can't load transform_config.xml
04-30 09:39:40.535  8248  8248 I chromium: [INFO:library_loader_hooks.cc(36)] Chromium logging enabled: level = 0, default verbosity = 0
04-30 09:39:40.535  8248  8248 I cr_LibraryLoader: Expected native library version number "65.0.3325.109", actual native library version number "65.0.3325.109"
04-30 09:39:40.695  8248  8248 I cr_BrowserStartup: Initializing chromium process, singleProcess=true
04-30 09:39:40.705  8248  8248 I cr_base : Android Locale: in_ID requires .pak files: []
04-30 09:39:40.705  8248  8248 I art     : Rejecting re-init on previously-failed class java.lang.Class<android.content.res.XResources>
04-30 09:39:40.705  8248  8248 E Xposed  : java.lang.IncompatibleClassChangeError: android.content.res.XResources
04-30 09:39:40.705  8248  8248 E Xposed  : 	at de.robv.android.xposed.XposedInit$6.beforeHookedMethod(XposedInit.java:204)
04-30 09:39:40.705  8248  8248 E Xposed  : 	at de.robv.android.xposed.XposedBridge.handleHookedMethod(XposedBridge.java:314)
04-30 09:39:40.705  8248  8248 E Xposed  : 	at android.app.ApplicationPackageManager.getResourcesForApplication(<Xposed>)
04-30 09:39:40.705  8248  8248 E Xposed  : 	at android.app.ApplicationPackageManager.getText(ApplicationPackageManager.java:1153)
04-30 09:39:40.705  8248  8248 E Xposed  : 	at android.content.pm.PackageItemInfo.loadLabel(PackageItemInfo.java:132)
04-30 09:39:40.705  8248  8248 E Xposed  : 	at android.app.ApplicationPackageManager.getApplicationLabel(ApplicationPackageManager.java:1198)
04-30 09:39:40.705  8248  8248 E Xposed  : 	at org.chromium.base.BuildInfo.getAll(BuildInfo.java:9)
04-30 09:39:40.705  8248  8248 E Xposed  : 	at org.chromium.content.browser.BrowserStartupController.nativeSetCommandLineFlags(Native Method)
04-30 09:39:40.705  8248  8248 E Xposed  : 	at org.chromium.content.browser.BrowserStartupController.access$800(BrowserStartupController.java:21)
04-30 09:39:40.705  8248  8248 E Xposed  : 	at org.chromium.content.browser.BrowserStartupController$5.run(BrowserStartupController.java:12)
04-30 09:39:40.705  8248  8248 E Xposed  : 	at org.chromium.android_webview.AwBrowserProcess$$Lambda$0.run(Unknown Source)
04-30 09:39:40.705  8248  8248 E Xposed  : 	at org.chromium.base.ThreadUtils.runOnUiThreadBlocking(ThreadUtils.java:10)
04-30 09:39:40.705  8248  8248 E Xposed  : 	at com.android.webview.chromium.WebViewChromiumFactoryProvider.startChromiumLocked(WebViewChromiumFactoryProvider.java:224)
04-30 09:39:40.705  8248  8248 E Xposed  : 	at com.android.webview.chromium.WebViewChromiumFactoryProvider$1.run(WebViewChromiumFactoryProvider.java:3)
04-30 09:39:40.705  8248  8248 E Xposed  : 	at android.os.Handler.handleCallback(Handler.java:739)
04-30 09:39:40.705  8248  8248 E Xposed  : 	at android.os.Handler.dispatchMessage(Handler.java:95)
04-30 09:39:40.705  8248  8248 E Xposed  : 	at android.os.Looper.loop(Looper.java:135)
04-30 09:39:40.705  8248  8248 E Xposed  : 	at android.app.ActivityThread.main(ActivityThread.java:5283)
04-30 09:39:40.705  8248  8248 E Xposed  : 	at java.lang.reflect.Method.invoke(Native Method)
04-30 09:39:40.705  8248  8248 E Xposed  : 	at java.lang.reflect.Method.invoke(Method.java:372)
04-30 09:39:40.705  8248  8248 E Xposed  : 	at com.android.internal.os.ZygoteInit$MethodAndArgsCaller.run(ZygoteInit.java:908)
04-30 09:39:40.705  8248  8248 E Xposed  : 	at com.android.internal.os.ZygoteInit.main(ZygoteInit.java:703)
04-30 09:39:40.705  8248  8248 E Xposed  : 	at de.robv.android.xposed.XposedBridge.main(XposedBridge.java:102)
04-30 09:39:41.075  8248  8274 I art     : Rejecting re-init on previously-failed class java.lang.Class<android.content.res.XResources>
04-30 09:39:41.075  8248  8274 E Xposed  : java.lang.IncompatibleClassChangeError: android.content.res.XResources
04-30 09:39:41.075  8248  8274 E Xposed  : 	at de.robv.android.xposed.XposedInit$5.afterHookedMethod(XposedInit.java:182)
04-30 09:39:41.075  8248  8274 E Xposed  : 	at de.robv.android.xposed.XposedBridge.handleHookedMethod(XposedBridge.java:348)
04-30 09:39:41.075  8248  8274 E Xposed  : 	at android.app.LoadedApk.<init>(<Xposed>)
04-30 09:39:41.075  8248  8274 E Xposed  : 	at android.app.ActivityThread.getPackageInfo(ActivityThread.java:1781)
04-30 09:39:41.075  8248  8274 E Xposed  : 	at android.app.ActivityThread.getPackageInfo(ActivityThread.java:1742)
04-30 09:39:41.075  8248  8274 E Xposed  : 	at android.app.ActivityThread.getPackageInfo(ActivityThread.java:1714)
04-30 09:39:41.075  8248  8274 E Xposed  : 	at android.app.ContextImpl.createPackageContextAsUser(ContextImpl.java:2173)
04-30 09:39:41.075  8248  8274 E Xposed  : 	at android.app.ContextImpl.createPackageContext(ContextImpl.java:2160)
04-30 09:39:41.075  8248  8274 E Xposed  : 	at android.content.ContextWrapper.createPackageContext(ContextWrapper.java:671)
04-30 09:39:41.075  8248  8274 E Xposed  : 	at android.content.ContextWrapper.createPackageContext(ContextWrapper.java:671)
04-30 09:39:41.075  8248  8274 E Xposed  : 	at com.google.android.gms.common.zzo.getRemoteContext(Unknown Source)
04-30 09:39:41.075  8248  8274 E Xposed  : 	at com.google.android.gms.ads.identifier.AdvertisingIdClient.getAdvertisingIdInfo(Unknown Source)
04-30 09:39:41.075  8248  8274 E Xposed  : 	at java.lang.reflect.Method.invoke(Native Method)
04-30 09:39:41.075  8248  8274 E Xposed  : 	at java.lang.reflect.Method.invoke(Method.java:372)
04-30 09:39:41.075  8248  8274 E Xposed  : 	at com.virgo.ads.internal.utils.g.a(AttributionIdentifiers.java:76)
04-30 09:39:41.075  8248  8274 E Xposed  : 	at com.virgo.ads.internal.utils.g.b(AttributionIdentifiers.java:150)
04-30 09:39:41.075  8248  8274 E Xposed  : 	at com.virgo.ads.internal.utils.g.a(AttributionIdentifiers.java:2108)
04-30 09:39:41.075  8248  8274 E Xposed  : 	at com.virgo.ads.internal.utils.j.c(DeviceInfo.java:3546)
04-30 09:39:41.075  8248  8274 E Xposed  : 	at com.virgo.ads.internal.utils.j.b(DeviceInfo.java:64)
04-30 09:39:41.075  8248  8274 E Xposed  : 	at com.virgo.ads.i$2.run(VirgoSDK.java:152)
04-30 09:39:41.075  8248  8274 E Xposed  : 	at java.util.concurrent.ThreadPoolExecutor.runWorker(ThreadPoolExecutor.java:1112)
04-30 09:39:41.075  8248  8274 E Xposed  : 	at java.util.concurrent.ThreadPoolExecutor$Worker.run(ThreadPoolExecutor.java:587)
04-30 09:39:41.075  8248  8274 E Xposed  : 	at java.lang.Thread.run(Thread.java:818)
04-30 09:39:41.215  8248  8356 D ConnectivityManager.CallbackHandler: CM callback handler got msg 524290
04-30 09:39:41.415  8248  8248 D EgretLoader: EgretLoader(Context context)
04-30 09:39:41.415  8248  8248 D EgretLoader: The context is not activity
04-30 09:39:41.415  8248  8248 I Choreographer: Skipped 69 frames!  The application may be doing too much work on its main thread.
