04-30 09:38:56.385  6107  6107 W InputEventReceiver: Attempted to finish an input event but the input event receiver has already been disposed.
04-30 09:38:56.805  7254  7254 I art     : Explicit concurrent mark sweep GC freed 1386(120KB) AllocSpace objects, 8(512KB) LOS objects, 24% free, 19MB/25MB, paused 1.438ms total 122.038ms
04-30 09:39:02.085  6107  6133 I art     : Background sticky concurrent mark sweep GC freed 111140(6MB) AllocSpace objects, 23(368KB) LOS objects, 15% free, 36MB/43MB, paused 3.262ms total 230.745ms
04-30 09:39:05.545  6107  6461 I art     : Rejecting re-init on previously-failed class java.lang.Class<android.content.res.XResources>
04-30 09:39:05.555  6107  6461 E Xposed  : java.lang.IncompatibleClassChangeError: android.content.res.XResources
04-30 09:39:05.555  6107  6461 E Xposed  : 	at de.robv.android.xposed.XposedInit$5.afterHookedMethod(XposedInit.java:182)
04-30 09:39:05.555  6107  6461 E Xposed  : 	at de.robv.android.xposed.XposedBridge.handleHookedMethod(XposedBridge.java:348)
04-30 09:39:05.555  6107  6461 E Xposed  : 	at android.app.LoadedApk.<init>(<Xposed>)
04-30 09:39:05.555  6107  6461 E Xposed  : 	at android.app.ActivityThread.getPackageInfo(ActivityThread.java:1781)
04-30 09:39:05.555  6107  6461 E Xposed  : 	at android.app.ActivityThread.getPackageInfo(ActivityThread.java:1742)
04-30 09:39:05.555  6107  6461 E Xposed  : 	at android.app.ActivityThread.getPackageInfo(ActivityThread.java:1714)
04-30 09:39:05.555  6107  6461 E Xposed  : 	at android.app.ContextImpl.createPackageContextAsUser(ContextImpl.java:2173)
04-30 09:39:05.555  6107  6461 E Xposed  : 	at android.app.ContextImpl.createPackageContext(ContextImpl.java:2160)
04-30 09:39:05.555  6107  6461 E Xposed  : 	at android.content.ContextWrapper.createPackageContext(ContextWrapper.java:671)
04-30 09:39:05.555  6107  6461 E Xposed  : 	at com.google.android.gms.common.zzo.getRemoteContext(Unknown Source)
04-30 09:39:05.555  6107  6461 E Xposed  : 	at com.google.android.gms.ads.identifier.zzd.<init>(Unknown Source)
04-30 09:39:05.555  6107  6461 E Xposed  : 	at com.google.android.gms.ads.identifier.AdvertisingIdClient.getAdvertisingIdInfo(Unknown Source)
04-30 09:39:05.555  6107  6461 E Xposed  : 	at com.google.android.gms.internal.zzamh.zzvm(Unknown Source)
04-30 09:39:05.555  6107  6461 E Xposed  : 	at com.google.android.gms.internal.zzamh.zzvl(Unknown Source)
04-30 09:39:05.555  6107  6461 E Xposed  : 	at com.google.android.gms.internal.zzamh.zzvd(Unknown Source)
04-30 09:39:05.555  6107  6461 E Xposed  : 	at com.google.android.gms.analytics.zzp.run(Unknown Source)
04-30 09:39:05.555  6107  6461 E Xposed  : 	at java.util.concurrent.Executors$RunnableAdapter.call(Executors.java:422)
04-30 09:39:05.555  6107  6461 E Xposed  : 	at java.util.concurrent.FutureTask.run(FutureTask.java:237)
04-30 09:39:05.555  6107  6461 E Xposed  : 	at java.util.concurrent.ThreadPoolExecutor.runWorker(ThreadPoolExecutor.java:1112)
04-30 09:39:05.555  6107  6461 E Xposed  : 	at java.util.concurrent.ThreadPoolExecutor$Worker.run(ThreadPoolExecutor.java:587)
04-30 09:39:05.555  6107  6461 E Xposed  : 	at java.lang.Thread.run(Thread.java:818)
04-30 09:39:05.555  6107  6461 E Xposed  : 	at com.google.android.gms.analytics.zzl$zzc.run(Unknown Source)
04-30 09:39:09.055  6107  6107 I ViewRootImpl: CPU Rendering VSync enable = true
04-30 09:39:09.945  6107  6107 I ViewRootImpl: CPU Rendering VSync enable = true
04-30 09:39:11.135  6107  6107 I ViewRootImpl: CPU Rendering VSync enable = true
04-30 09:39:11.335  6107  6133 I art     : Background sticky concurrent mark sweep GC freed 71078(4MB) AllocSpace objects, 8(128KB) LOS objects, 9% free, 39MB/43MB, paused 7.209ms total 163.500ms
04-30 09:39:11.435  6107  6407 W ContextImpl: Failed to ensure directory: /storage/sdcard1/Android/data/jp.naver.line.androig/cache
04-30 09:39:12.995  6107  6107 E Minikin : no font for run starting u+dbc3 length 12
04-30 09:39:12.995  6107  6107 E Minikin : no font for run starting u+dbc0 length 2
04-30 09:39:12.995  6107  6107 E Minikin : no font for run starting u+dbc3 length 26
04-30 09:39:12.995  6107  6107 E Minikin : no font for run starting u+dbff length 2
04-30 09:39:13.025  6107  6107 E Minikin : no font for run starting u+dbc3 length 26
04-30 09:39:13.455  6107  6461 I art     : Rejecting re-init on previously-failed class java.lang.Class<android.content.res.XResources>
04-30 09:39:13.455  6107  6461 E Xposed  : java.lang.IncompatibleClassChangeError: android.content.res.XResources
04-30 09:39:13.455  6107  6461 E Xposed  : 	at de.robv.android.xposed.XposedInit$5.afterHookedMethod(XposedInit.java:182)
04-30 09:39:13.455  6107  6461 E Xposed  : 	at de.robv.android.xposed.XposedBridge.handleHookedMethod(XposedBridge.java:348)
04-30 09:39:13.455  6107  6461 E Xposed  : 	at android.app.LoadedApk.<init>(<Xposed>)
04-30 09:39:13.455  6107  6461 E Xposed  : 	at android.app.ActivityThread.getPackageInfo(ActivityThread.java:1781)
04-30 09:39:13.455  6107  6461 E Xposed  : 	at android.app.ActivityThread.getPackageInfo(ActivityThread.java:1742)
04-30 09:39:13.455  6107  6461 E Xposed  : 	at android.app.ActivityThread.getPackageInfo(ActivityThread.java:1714)
04-30 09:39:13.455  6107  6461 E Xposed  : 	at android.app.ContextImpl.createPackageContextAsUser(ContextImpl.java:2173)
04-30 09:39:13.455  6107  6461 E Xposed  : 	at android.app.ContextImpl.createPackageContext(ContextImpl.java:2160)
04-30 09:39:13.455  6107  6461 E Xposed  : 	at android.content.ContextWrapper.createPackageContext(ContextWrapper.java:671)
04-30 09:39:13.455  6107  6461 E Xposed  : 	at com.google.android.gms.common.zzo.getRemoteContext(Unknown Source)
04-30 09:39:13.455  6107  6461 E Xposed  : 	at com.google.android.gms.ads.identifier.zzd.<init>(Unknown Source)
04-30 09:39:13.455  6107  6461 E Xposed  : 	at com.google.android.gms.ads.identifier.AdvertisingIdClient.getAdvertisingIdInfo(Unknown Source)
04-30 09:39:13.455  6107  6461 E Xposed  : 	at com.google.android.gms.internal.zzamh.zzvm(Unknown Source)
04-30 09:39:13.455  6107  6461 E Xposed  : 	at com.google.android.gms.internal.zzamh.zzvl(Unknown Source)
04-30 09:39:13.455  6107  6461 E Xposed  : 	at com.google.android.gms.internal.zzamh.zzvd(Unknown Source)
04-30 09:39:13.455  6107  6461 E Xposed  : 	at com.google.android.gms.analytics.zzp.run(Unknown Source)
04-30 09:39:13.455  6107  6461 E Xposed  : 	at java.util.concurrent.Executors$RunnableAdapter.call(Executors.java:422)
04-30 09:39:13.455  6107  6461 E Xposed  : 	at java.util.concurrent.FutureTask.run(FutureTask.java:237)
04-30 09:39:13.455  6107  6461 E Xposed  : 	at java.util.concurrent.ThreadPoolExecutor.runWorker(ThreadPoolExecutor.java:1112)
04-30 09:39:13.455  6107  6461 E Xposed  : 	at java.util.concurrent.ThreadPoolExecutor$Worker.run(ThreadPoolExecutor.java:587)
04-30 09:39:13.455  6107  6461 E Xposed  : 	at java.lang.Thread.run(Thread.java:818)
04-30 09:39:13.455  6107  6461 E Xposed  : 	at com.google.android.gms.analytics.zzl$zzc.run(Unknown Source)
04-30 09:39:13.765  6107  6133 I art     : Background sticky concurrent mark sweep GC freed 50477(2MB) AllocSpace objects, 1(16KB) LOS objects, 5% free, 41MB/43MB, paused 3.816ms total 193.493ms
04-30 09:39:19.025  6107  6107 I ViewRootImpl: CPU Rendering VSync enable = true
04-30 09:39:19.125  6107  6461 I art     : Rejecting re-init on previously-failed class java.lang.Class<android.content.res.XResources>
04-30 09:39:19.125  6107  6461 E Xposed  : java.lang.IncompatibleClassChangeError: android.content.res.XResources
04-30 09:39:19.125  6107  6461 E Xposed  : 	at de.robv.android.xposed.XposedInit$5.afterHookedMethod(XposedInit.java:182)
04-30 09:39:19.125  6107  6461 E Xposed  : 	at de.robv.android.xposed.XposedBridge.handleHookedMethod(XposedBridge.java:348)
04-30 09:39:19.125  6107  6461 E Xposed  : 	at android.app.LoadedApk.<init>(<Xposed>)
04-30 09:39:19.125  6107  6461 E Xposed  : 	at android.app.ActivityThread.getPackageInfo(ActivityThread.java:1781)
04-30 09:39:19.125  6107  6461 E Xposed  : 	at android.app.ActivityThread.getPackageInfo(ActivityThread.java:1742)
04-30 09:39:19.125  6107  6461 E Xposed  : 	at android.app.ActivityThread.getPackageInfo(ActivityThread.java:1714)
04-30 09:39:19.125  6107  6461 E Xposed  : 	at android.app.ContextImpl.createPackageContextAsUser(ContextImpl.java:2173)
04-30 09:39:19.125  6107  6461 E Xposed  : 	at android.app.ContextImpl.createPackageContext(ContextImpl.java:2160)
04-30 09:39:19.125  6107  6461 E Xposed  : 	at android.content.ContextWrapper.createPackageContext(ContextWrapper.java:671)
04-30 09:39:19.125  6107  6461 E Xposed  : 	at com.google.android.gms.common.zzo.getRemoteContext(Unknown Source)
04-30 09:39:19.125  6107  6461 E Xposed  : 	at com.google.android.gms.ads.identifier.zzd.<init>(Unknown Source)
04-30 09:39:19.125  6107  6461 E Xposed  : 	at com.google.android.gms.ads.identifier.AdvertisingIdClient.getAdvertisingIdInfo(Unknown Source)
04-30 09:39:19.125  6107  6461 E Xposed  : 	at com.google.android.gms.internal.zzamh.zzvm(Unknown Source)
04-30 09:39:19.125  6107  6461 E Xposed  : 	at com.google.android.gms.internal.zzamh.zzvl(Unknown Source)
04-30 09:39:19.125  6107  6461 E Xposed  : 	at com.google.android.gms.internal.zzamh.zzvd(Unknown Source)
04-30 09:39:19.125  6107  6461 E Xposed  : 	at com.google.android.gms.analytics.zzp.run(Unknown Source)
04-30 09:39:19.125  6107  6461 E Xposed  : 	at java.util.concurrent.Executors$RunnableAdapter.call(Executors.java:422)
04-30 09:39:19.125  6107  6461 E Xposed  : 	at java.util.concurrent.FutureTask.run(FutureTask.java:237)
04-30 09:39:19.125  6107  6461 E Xposed  : 	at java.util.concurrent.ThreadPoolExecutor.runWorker(ThreadPoolExecutor.java:1112)
04-30 09:39:19.125  6107  6461 E Xposed  : 	at java.util.concurrent.ThreadPoolExecutor$Worker.run(ThreadPoolExecutor.java:587)
04-30 09:39:19.125  6107  6461 E Xposed  : 	at java.lang.Thread.run(Thread.java:818)
04-30 09:39:19.125  6107  6461 E Xposed  : 	at com.google.android.gms.analytics.zzl$zzc.run(Unknown Source)
04-30 09:39:19.395  6107  6133 I art     : Background sticky concurrent mark sweep GC freed 29051(1466KB) AllocSpace objects, 0(0B) LOS objects, 3% free, 42MB/43MB, paused 12.474ms total 76.575ms
04-30 09:39:20.775  6107  6461 I art     : Rejecting re-init on previously-failed class java.lang.Class<android.content.res.XResources>
04-30 09:39:20.775  6107  6461 E Xposed  : java.lang.IncompatibleClassChangeError: android.content.res.XResources
04-30 09:39:20.775  6107  6461 E Xposed  : 	at de.robv.android.xposed.XposedInit$5.afterHookedMethod(XposedInit.java:182)
04-30 09:39:20.775  6107  6461 E Xposed  : 	at de.robv.android.xposed.XposedBridge.handleHookedMethod(XposedBridge.java:348)
04-30 09:39:20.775  6107  6461 E Xposed  : 	at android.app.LoadedApk.<init>(<Xposed>)
04-30 09:39:20.775  6107  6461 E Xposed  : 	at android.app.ActivityThread.getPackageInfo(ActivityThread.java:1781)
04-30 09:39:20.775  6107  6461 E Xposed  : 	at android.app.ActivityThread.getPackageInfo(ActivityThread.java:1742)
04-30 09:39:20.775  6107  6461 E Xposed  : 	at android.app.ActivityThread.getPackageInfo(ActivityThread.java:1714)
04-30 09:39:20.775  6107  6461 E Xposed  : 	at android.app.ContextImpl.createPackageContextAsUser(ContextImpl.java:2173)
04-30 09:39:20.775  6107  6461 E Xposed  : 	at android.app.ContextImpl.createPackageContext(ContextImpl.java:2160)
04-30 09:39:20.775  6107  6461 E Xposed  : 	at android.content.ContextWrapper.createPackageContext(ContextWrapper.java:671)
04-30 09:39:20.775  6107  6461 E Xposed  : 	at com.google.android.gms.common.zzo.getRemoteContext(Unknown Source)
04-30 09:39:20.775  6107  6461 E Xposed  : 	at com.google.android.gms.ads.identifier.zzd.<init>(Unknown Source)
04-30 09:39:20.775  6107  6461 E Xposed  : 	at com.google.android.gms.ads.identifier.AdvertisingIdClient.getAdvertisingIdInfo(Unknown Source)
04-30 09:39:20.775  6107  6461 E Xposed  : 	at com.google.android.gms.internal.zzamh.zzvm(Unknown Source)
04-30 09:39:20.775  6107  6461 E Xposed  : 	at com.google.android.gms.internal.zzamh.zzvl(Unknown Source)
04-30 09:39:20.775  6107  6461 E Xposed  : 	at com.google.android.gms.internal.zzamh.zzvd(Unknown Source)
04-30 09:39:20.775  6107  6461 E Xposed  : 	at com.google.android.gms.analytics.zzp.run(Unknown Source)
04-30 09:39:20.775  6107  6461 E Xposed  : 	at java.util.concurrent.Executors$RunnableAdapter.call(Executors.java:422)
04-30 09:39:20.775  6107  6461 E Xposed  : 	at java.util.concurrent.FutureTask.run(FutureTask.java:237)
04-30 09:39:20.775  6107  6461 E Xposed  : 	at java.util.concurrent.ThreadPoolExecutor.runWorker(ThreadPoolExecutor.java:1112)
04-30 09:39:20.775  6107  6461 E Xposed  : 	at java.util.concurrent.ThreadPoolExecutor$Worker.run(ThreadPoolExecutor.java:587)
04-30 09:39:20.775  6107  6461 E Xposed  : 	at java.lang.Thread.run(Thread.java:818)
04-30 09:39:20.775  6107  6461 E Xposed  : 	at com.google.android.gms.analytics.zzl$zzc.run(Unknown Source)
04-30 09:39:20.895  6107  6107 I Timeline: Timeline: Activity_launch_request time:120835429
04-30 09:39:21.185  6107  6107 I art     : Rejecting re-init on previously-failed class java.lang.Class<android.content.res.XResources>
04-30 09:39:21.215  6107  6107 E Xposed  : java.lang.IncompatibleClassChangeError: android.content.res.XResources
04-30 09:39:21.215  6107  6107 E Xposed  : 	at de.robv.android.xposed.XposedInit$6.beforeHookedMethod(XposedInit.java:204)
04-30 09:39:21.215  6107  6107 E Xposed  : 	at de.robv.android.xposed.XposedBridge.handleHookedMethod(XposedBridge.java:314)
04-30 09:39:21.215  6107  6107 E Xposed  : 	at android.app.ApplicationPackageManager.getResourcesForApplication(<Xposed>)
04-30 09:39:21.215  6107  6107 E Xposed  : 	at android.app.ApplicationPackageManager.getDrawable(ApplicationPackageManager.java:742)
04-30 09:39:21.215  6107  6107 E Xposed  : 	at android.app.MiuiThemeHelper.getDrawable(MiuiThemeHelper.java:103)
04-30 09:39:21.215  6107  6107 E Xposed  : 	at android.content.pm.PackageItemInfo.loadIcon(PackageItemInfo.java:157)
04-30 09:39:21.215  6107  6107 E Xposed  : 	at com.lbe.doubleagent.ag$be.a(IActivityManagerHook.java:2256)
04-30 09:39:21.215  6107  6107 E Xposed  : 	at com.lbe.doubleagent.ae.b(HookedMethodHandler.java:40)
04-30 09:39:21.215  6107  6107 E Xposed  : 	at com.lbe.doubleagent.ac.invoke(BinderHook.java:94)
04-30 09:39:21.215  6107  6107 E Xposed  : 	at java.lang.reflect.Proxy.invoke(Proxy.java:397)
04-30 09:39:21.215  6107  6107 E Xposed  : 	at $Proxy34.setTaskDescription(Unknown Source)
04-30 09:39:21.215  6107  6107 E Xposed  : 	at android.app.Activity.setTaskDescription(Activity.java:5188)
04-30 09:39:21.215  6107  6107 E Xposed  : 	at android.app.Activity.onApplyThemeResource(Activity.java:3737)
04-30 09:39:21.215  6107  6107 E Xposed  : 	at android.view.ContextThemeWrapper.initializeTheme(ContextThemeWrapper.java:140)
04-30 09:39:21.215  6107  6107 E Xposed  : 	at android.view.ContextThemeWrapper.setTheme(ContextThemeWrapper.java:85)
04-30 09:39:21.215  6107  6107 E Xposed  : 	at android.app.ActivityThread.performLaunchActivity(ActivityThread.java:2286)
04-30 09:39:21.215  6107  6107 E Xposed  : 	at android.app.ActivityThread.handleLaunchActivity(ActivityThread.java:2402)
04-30 09:39:21.215  6107  6107 E Xposed  : 	at android.app.ActivityThread.access$800(ActivityThread.java:154)
04-30 09:39:21.215  6107  6107 E Xposed  : 	at android.app.ActivityThread$H.handleMessage(ActivityThread.java:1315)
04-30 09:39:21.215  6107  6107 E Xposed  : 	at android.os.Handler.dispatchMessage(Handler.java:102)
04-30 09:39:21.215  6107  6107 E Xposed  : 	at android.os.Looper.loop(Looper.java:135)
04-30 09:39:21.215  6107  6107 E Xposed  : 	at android.app.ActivityThread.main(ActivityThread.java:5283)
04-30 09:39:21.215  6107  6107 E Xposed  : 	at java.lang.reflect.Method.invoke(Native Method)
04-30 09:39:21.215  6107  6107 E Xposed  : 	at java.lang.reflect.Method.invoke(Method.java:372)
04-30 09:39:21.215  6107  6107 E Xposed  : 	at com.android.internal.os.ZygoteInit$MethodAndArgsCaller.run(ZygoteInit.java:908)
04-30 09:39:21.215  6107  6107 E Xposed  : 	at com.android.internal.os.ZygoteInit.main(ZygoteInit.java:703)
04-30 09:39:21.215  6107  6107 E Xposed  : 	at de.robv.android.xposed.XposedBridge.main(XposedBridge.java:102)
04-30 09:39:21.325  3492  8092 I art     : Rejecting re-init on previously-failed class java.lang.Class<android.content.res.XResources>
04-30 09:39:21.345  3492  8092 E Xposed  : java.lang.IncompatibleClassChangeError: android.content.res.XResources
04-30 09:39:21.345  3492  8092 E Xposed  : 	at de.robv.android.xposed.XposedInit$5.afterHookedMethod(XposedInit.java:182)
04-30 09:39:21.345  3492  8092 E Xposed  : 	at de.robv.android.xposed.XposedBridge.handleHookedMethod(XposedBridge.java:348)
04-30 09:39:21.345  3492  8092 E Xposed  : 	at android.app.LoadedApk.<init>(<Xposed>)
04-30 09:39:21.345  3492  8092 E Xposed  : 	at android.app.ActivityThread.getPackageInfo(ActivityThread.java:1781)
04-30 09:39:21.345  3492  8092 E Xposed  : 	at android.app.ActivityThread.getPackageInfo(ActivityThread.java:1742)
04-30 09:39:21.345  3492  8092 E Xposed  : 	at android.app.ActivityThread.getPackageInfo(ActivityThread.java:1714)
04-30 09:39:21.345  3492  8092 E Xposed  : 	at android.app.ContextImpl.createPackageContextAsUser(ContextImpl.java:2173)
04-30 09:39:21.345  3492  8092 E Xposed  : 	at android.app.ContextImpl.createPackageContext(ContextImpl.java:2160)
04-30 09:39:21.345  3492  8092 E Xposed  : 	at android.content.ContextWrapper.createPackageContext(ContextWrapper.java:671)
04-30 09:39:21.345  3492  8092 E Xposed  : 	at android.content.ContextWrapper.createPackageContext(ContextWrapper.java:671)
04-30 09:39:21.345  3492  8092 E Xposed  : 	at com.google.android.gms.common.zzo.getRemoteContext(Unknown Source)
04-30 09:39:21.345  3492  8092 E Xposed  : 	at com.google.android.gms.ads.identifier.AdvertisingIdClient.getAdvertisingIdInfo(Unknown Source)
04-30 09:39:21.345  3492  8092 E Xposed  : 	at java.lang.reflect.Method.invoke(Native Method)
04-30 09:39:21.345  3492  8092 E Xposed  : 	at java.lang.reflect.Method.invoke(Method.java:372)
04-30 09:39:21.345  3492  8092 E Xposed  : 	at com.lbe.parallel.utility.c.a(AttributionIdentifiers.java:80)
04-30 09:39:21.345  3492  8092 E Xposed  : 	at com.lbe.parallel.utility.c.b(AttributionIdentifiers.java:154)
04-30 09:39:21.345  3492  8092 E Xposed  : 	at com.lbe.parallel.utility.c.a(AttributionIdentifiers.java:2112)
04-30 09:39:21.345  3492  8092 E Xposed  : 	at com.lbe.parallel.n.f(AnimatorInflaterCompat.java:50100)
04-30 09:39:21.345  3492  8092 E Xposed  : 	at com.lbe.parallel.service.b.a(PhantomHelper.java:3086)
04-30 09:39:21.345  3492  8092 E Xposed  : 	at com.lbe.parallel.service.b$1.run(PhantomHelper.java:145)
04-30 09:39:21.345  3492  8092 E Xposed  : 	at java.lang.Thread.run(Thread.java:818)
04-30 09:39:21.445  6107  6133 I art     : Background sticky concurrent mark sweep GC freed 11088(793KB) AllocSpace objects, 5(80KB) LOS objects, 2% free, 42MB/43MB, paused 9.956ms total 91.654ms
04-30 09:39:21.685  8094  8094 I art     : Rejecting re-init on previously-failed class java.lang.Class<android.content.res.XResources>
04-30 09:39:21.695  8094  8094 E Xposed  : java.lang.IncompatibleClassChangeError: android.content.res.XResources
04-30 09:39:21.695  8094  8094 E Xposed  : 	at de.robv.android.xposed.XposedInit$5.afterHookedMethod(XposedInit.java:182)
04-30 09:39:21.695  8094  8094 E Xposed  : 	at de.robv.android.xposed.XposedBridge.handleHookedMethod(XposedBridge.java:348)
04-30 09:39:21.695  8094  8094 E Xposed  : 	at android.app.LoadedApk.<init>(<Xposed>)
04-30 09:39:21.695  8094  8094 E Xposed  : 	at android.app.ContextImpl.createSystemContext(ContextImpl.java:2247)
04-30 09:39:21.695  8094  8094 E Xposed  : 	at android.app.ActivityThread.getSystemContext(ActivityThread.java:1841)
04-30 09:39:21.695  8094  8094 E Xposed  : 	at android.app.ActivityThread$DropBoxReporter.<init>(ActivityThread.java:5232)
04-30 09:39:21.695  8094  8094 E Xposed  : 	at android.app.ActivityThread.attach(ActivityThread.java:5161)
04-30 09:39:21.695  8094  8094 E Xposed  : 	at android.app.ActivityThread.main(ActivityThread.java:5272)
04-30 09:39:21.695  8094  8094 E Xposed  : 	at java.lang.reflect.Method.invoke(Native Method)
04-30 09:39:21.695  8094  8094 E Xposed  : 	at java.lang.reflect.Method.invoke(Method.java:372)
04-30 09:39:21.695  8094  8094 E Xposed  : 	at com.android.internal.os.ZygoteInit$MethodAndArgsCaller.run(ZygoteInit.java:908)
04-30 09:39:21.695  8094  8094 E Xposed  : 	at com.android.internal.os.ZygoteInit.main(ZygoteInit.java:703)
04-30 09:39:21.695  8094  8094 E Xposed  : 	at de.robv.android.xposed.XposedBridge.main(XposedBridge.java:102)
04-30 09:39:21.705  8094  8094 I art     : Rejecting re-init on previously-failed class java.lang.Class<android.content.res.XResources>
04-30 09:39:21.705  8094  8094 E Xposed  : java.lang.IncompatibleClassChangeError: android.content.res.XResources
04-30 09:39:21.705  8094  8094 E Xposed  : 	at de.robv.android.xposed.XposedInit$5.afterHookedMethod(XposedInit.java:182)
04-30 09:39:21.705  8094  8094 E Xposed  : 	at de.robv.android.xposed.XposedBridge.handleHookedMethod(XposedBridge.java:348)
04-30 09:39:21.705  8094  8094 E Xposed  : 	at android.app.LoadedApk.<init>(<Xposed>)
04-30 09:39:21.705  8094  8094 E Xposed  : 	at android.app.ActivityThread.getPackageInfo(ActivityThread.java:1781)
04-30 09:39:21.705  8094  8094 E Xposed  : 	at android.app.ActivityThread.getPackageInfoNoCheck(ActivityThread.java:1748)
04-30 09:39:21.705  8094  8094 E Xposed  : 	at de.robv.android.xposed.XposedInit$2.beforeHookedMethod(XposedInit.java:107)
04-30 09:39:21.705  8094  8094 E Xposed  : 	at de.robv.android.xposed.XposedBridge.handleHookedMethod(XposedBridge.java:314)
04-30 09:39:21.705  8094  8094 E Xposed  : 	at android.app.ActivityThread.handleBindApplication(<Xposed>)
04-30 09:39:21.705  8094  8094 E Xposed  : 	at android.app.ActivityThread.access$1500(ActivityThread.java:154)
04-30 09:39:21.705  8094  8094 E Xposed  : 	at android.app.ActivityThread$H.handleMessage(ActivityThread.java:1376)
04-30 09:39:21.705  8094  8094 E Xposed  : 	at android.os.Handler.dispatchMessage(Handler.java:102)
04-30 09:39:21.705  8094  8094 E Xposed  : 	at android.os.Looper.loop(Looper.java:135)
04-30 09:39:21.705  8094  8094 E Xposed  : 	at android.app.ActivityThread.main(ActivityThread.java:5283)
04-30 09:39:21.705  8094  8094 E Xposed  : 	at java.lang.reflect.Method.invoke(Native Method)
04-30 09:39:21.705  8094  8094 E Xposed  : 	at java.lang.reflect.Method.invoke(Method.java:372)
04-30 09:39:21.705  8094  8094 E Xposed  : 	at com.android.internal.os.ZygoteInit$MethodAndArgsCaller.run(ZygoteInit.java:908)
04-30 09:39:21.705  8094  8094 E Xposed  : 	at com.android.internal.os.ZygoteInit.main(ZygoteInit.java:703)
04-30 09:39:21.705  8094  8094 E Xposed  : 	at de.robv.android.xposed.XposedBridge.main(XposedBridge.java:102)
04-30 09:39:21.715  8094  8094 I art     : Rejecting re-init on previously-failed class java.lang.Class<android.content.res.XResources>
04-30 09:39:21.715  8094  8094 E Xposed  : java.lang.IncompatibleClassChangeError: android.content.res.XResources
04-30 09:39:21.715  8094  8094 E Xposed  : 	at de.robv.android.xposed.XposedInit$2.beforeHookedMethod(XposedInit.java:108)
04-30 09:39:21.715  8094  8094 E Xposed  : 	at de.robv.android.xposed.XposedBridge.handleHookedMethod(XposedBridge.java:314)
04-30 09:39:21.715  8094  8094 E Xposed  : 	at android.app.ActivityThread.handleBindApplication(<Xposed>)
04-30 09:39:21.715  8094  8094 E Xposed  : 	at android.app.ActivityThread.access$1500(ActivityThread.java:154)
04-30 09:39:21.715  8094  8094 E Xposed  : 	at android.app.ActivityThread$H.handleMessage(ActivityThread.java:1376)
04-30 09:39:21.715  8094  8094 E Xposed  : 	at android.os.Handler.dispatchMessage(Handler.java:102)
04-30 09:39:21.715  8094  8094 E Xposed  : 	at android.os.Looper.loop(Looper.java:135)
04-30 09:39:21.715  8094  8094 E Xposed  : 	at android.app.ActivityThread.main(ActivityThread.java:5283)
04-30 09:39:21.715  8094  8094 E Xposed  : 	at java.lang.reflect.Method.invoke(Native Method)
04-30 09:39:21.715  8094  8094 E Xposed  : 	at java.lang.reflect.Method.invoke(Method.java:372)
04-30 09:39:21.715  8094  8094 E Xposed  : 	at com.android.internal.os.ZygoteInit$MethodAndArgsCaller.run(ZygoteInit.java:908)
04-30 09:39:21.715  8094  8094 E Xposed  : 	at com.android.internal.os.ZygoteInit.main(ZygoteInit.java:703)
04-30 09:39:21.715  8094  8094 E Xposed  : 	at de.robv.android.xposed.XposedBridge.main(XposedBridge.java:102)
04-30 09:39:21.795  8094  8094 W System.err: my process name com.lbe.parallel.intl:P6
04-30 09:39:21.995  8094  8094 W System.err: 1b96c11eca48bded30e1726082051754068aa103
04-30 09:39:22.045  8094  8094 W linker  : libdaclient.so: unused DT entry: type 0x6ffffffe arg 0x1f54
04-30 09:39:22.045  8094  8094 W linker  : libdaclient.so: unused DT entry: type 0x6fffffff arg 0x2
04-30 09:39:23.045  8094  8094 I art     : Rejecting re-init on previously-failed class java.lang.Class<android.content.res.XResources>
04-30 09:39:23.045  8094  8094 E Xposed  : java.lang.IncompatibleClassChangeError: android.content.res.XResources
04-30 09:39:23.045  8094  8094 E Xposed  : 	at de.robv.android.xposed.XposedInit$5.afterHookedMethod(XposedInit.java:182)
04-30 09:39:23.045  8094  8094 E Xposed  : 	at de.robv.android.xposed.XposedBridge.handleHookedMethod(XposedBridge.java:348)
04-30 09:39:23.045  8094  8094 E Xposed  : 	at android.app.LoadedApk.<init>(<Xposed>)
04-30 09:39:23.045  8094  8094 E Xposed  : 	at android.app.ActivityThread.getPackageInfo(ActivityThread.java:1781)
04-30 09:39:23.045  8094  8094 E Xposed  : 	at android.app.ActivityThread.getPackageInfo(ActivityThread.java:1742)
04-30 09:39:23.045  8094  8094 E Xposed  : 	at android.app.ActivityThread.getPackageInfo(ActivityThread.java:1714)
04-30 09:39:23.045  8094  8094 E Xposed  : 	at android.app.ContextImpl.createPackageContextAsUser(ContextImpl.java:2173)
04-30 09:39:23.045  8094  8094 E Xposed  : 	at android.app.ContextImpl.createPackageContext(ContextImpl.java:2160)
04-30 09:39:23.045  8094  8094 E Xposed  : 	at android.content.ContextWrapper.createPackageContext(ContextWrapper.java:671)
04-30 09:39:23.045  8094  8094 E Xposed  : 	at android.content.ContextWrapper.createPackageContext(ContextWrapper.java:671)
04-30 09:39:23.045  8094  8094 E Xposed  : 	at com.lbe.doubleagent.client.g.e(LocalActivityService.java:1683)
04-30 09:39:23.045  8094  8094 E Xposed  : 	at com.lbe.doubleagent.client.g.a(LocalActivityService.java:1438)
04-30 09:39:23.045  8094  8094 E Xposed  : 	at com.lbe.doubleagent.client.g.a(LocalActivityService.java:758)
04-30 09:39:23.045  8094  8094 E Xposed  : 	at com.lbe.doubleagent.client.g.a(LocalActivityService.java:1770)
04-30 09:39:23.045  8094  8094 E Xposed  : 	at com.lbe.doubleagent.client.proxy.ServiceProxyImpl.onStartCommand(ServiceProxyImpl.java:204)
04-30 09:39:23.045  8094  8094 E Xposed  : 	at android.app.ActivityThread.handleServiceArgs(ActivityThread.java:2913)
04-30 09:39:23.045  8094  8094 E Xposed  : 	at android.app.ActivityThread.access$2100(ActivityThread.java:154)
04-30 09:39:23.045  8094  8094 E Xposed  : 	at android.app.ActivityThread$H.handleMessage(ActivityThread.java:1413)
04-30 09:39:23.045  8094  8094 E Xposed  : 	at android.os.Handler.dispatchMessage(Handler.java:102)
04-30 09:39:23.045  8094  8094 E Xposed  : 	at android.os.Looper.loop(Looper.java:135)
04-30 09:39:23.045  8094  8094 E Xposed  : 	at android.app.ActivityThread.main(ActivityThread.java:5283)
04-30 09:39:23.045  8094  8094 E Xposed  : 	at java.lang.reflect.Method.invoke(Native Method)
04-30 09:39:23.045  8094  8094 E Xposed  : 	at java.lang.reflect.Method.invoke(Method.java:372)
04-30 09:39:23.045  8094  8094 E Xposed  : 	at com.android.internal.os.ZygoteInit$MethodAndArgsCaller.run(ZygoteInit.java:908)
04-30 09:39:23.045  8094  8094 E Xposed  : 	at com.android.internal.os.ZygoteInit.main(ZygoteInit.java:703)
04-30 09:39:23.045  8094  8094 E Xposed  : 	at de.robv.android.xposed.XposedBridge.main(XposedBridge.java:102)
04-30 09:39:23.065  8126  8126 I art     : Rejecting re-init on previously-failed class java.lang.Class<android.content.res.XResources>
04-30 09:39:23.065  8126  8126 E Xposed  : java.lang.IncompatibleClassChangeError: android.content.res.XResources
04-30 09:39:23.065  8126  8126 E Xposed  : 	at de.robv.android.xposed.XposedInit$5.afterHookedMethod(XposedInit.java:182)
04-30 09:39:23.065  8126  8126 E Xposed  : 	at de.robv.android.xposed.XposedBridge.handleHookedMethod(XposedBridge.java:348)
04-30 09:39:23.065  8126  8126 E Xposed  : 	at android.app.LoadedApk.<init>(<Xposed>)
04-30 09:39:23.065  8126  8126 E Xposed  : 	at android.app.ContextImpl.createSystemContext(ContextImpl.java:2247)
04-30 09:39:23.065  8126  8126 E Xposed  : 	at android.app.ActivityThread.getSystemContext(ActivityThread.java:1841)
04-30 09:39:23.065  8126  8126 E Xposed  : 	at android.app.ActivityThread$DropBoxReporter.<init>(ActivityThread.java:5232)
04-30 09:39:23.065  8126  8126 E Xposed  : 	at android.app.ActivityThread.attach(ActivityThread.java:5161)
04-30 09:39:23.065  8126  8126 E Xposed  : 	at android.app.ActivityThread.main(ActivityThread.java:5272)
04-30 09:39:23.065  8126  8126 E Xposed  : 	at java.lang.reflect.Method.invoke(Native Method)
04-30 09:39:23.065  8126  8126 E Xposed  : 	at java.lang.reflect.Method.invoke(Method.java:372)
04-30 09:39:23.065  8126  8126 E Xposed  : 	at com.android.internal.os.ZygoteInit$MethodAndArgsCaller.run(ZygoteInit.java:908)
04-30 09:39:23.065  8126  8126 E Xposed  : 	at com.android.internal.os.ZygoteInit.main(ZygoteInit.java:703)
04-30 09:39:23.065  8126  8126 E Xposed  : 	at de.robv.android.xposed.XposedBridge.main(XposedBridge.java:102)
04-30 09:39:23.075  8126  8126 I art     : Rejecting re-init on previously-failed class java.lang.Class<android.content.res.XResources>
04-30 09:39:23.075  8126  8126 E Xposed  : java.lang.IncompatibleClassChangeError: android.content.res.XResources
04-30 09:39:23.075  8126  8126 E Xposed  : 	at de.robv.android.xposed.XposedInit$5.afterHookedMethod(XposedInit.java:182)
04-30 09:39:23.075  8126  8126 E Xposed  : 	at de.robv.android.xposed.XposedBridge.handleHookedMethod(XposedBridge.java:348)
04-30 09:39:23.075  8126  8126 E Xposed  : 	at android.app.LoadedApk.<init>(<Xposed>)
04-30 09:39:23.075  8126  8126 E Xposed  : 	at android.app.ActivityThread.getPackageInfo(ActivityThread.java:1781)
04-30 09:39:23.075  8126  8126 E Xposed  : 	at android.app.ActivityThread.getPackageInfoNoCheck(ActivityThread.java:1748)
04-30 09:39:23.075  8126  8126 E Xposed  : 	at de.robv.android.xposed.XposedInit$2.beforeHookedMethod(XposedInit.java:107)
04-30 09:39:23.075  8126  8126 E Xposed  : 	at de.robv.android.xposed.XposedBridge.handleHookedMethod(XposedBridge.java:314)
04-30 09:39:23.075  8126  8126 E Xposed  : 	at android.app.ActivityThread.handleBindApplication(<Xposed>)
04-30 09:39:23.075  8126  8126 E Xposed  : 	at android.app.ActivityThread.access$1500(ActivityThread.java:154)
04-30 09:39:23.075  8126  8126 E Xposed  : 	at android.app.ActivityThread$H.handleMessage(ActivityThread.java:1376)
04-30 09:39:23.075  8126  8126 E Xposed  : 	at android.os.Handler.dispatchMessage(Handler.java:102)
04-30 09:39:23.075  8126  8126 E Xposed  : 	at android.os.Looper.loop(Looper.java:135)
04-30 09:39:23.075  8126  8126 E Xposed  : 	at android.app.ActivityThread.main(ActivityThread.java:5283)
04-30 09:39:23.075  8126  8126 E Xposed  : 	at java.lang.reflect.Method.invoke(Native Method)
04-30 09:39:23.075  8126  8126 E Xposed  : 	at java.lang.reflect.Method.invoke(Method.java:372)
04-30 09:39:23.075  8126  8126 E Xposed  : 	at com.android.internal.os.ZygoteInit$MethodAndArgsCaller.run(ZygoteInit.java:908)
04-30 09:39:23.075  8126  8126 E Xposed  : 	at com.android.internal.os.ZygoteInit.main(ZygoteInit.java:703)
04-30 09:39:23.075  8126  8126 E Xposed  : 	at de.robv.android.xposed.XposedBridge.main(XposedBridge.java:102)
04-30 09:39:23.075  8126  8126 I art     : Rejecting re-init on previously-failed class java.lang.Class<android.content.res.XResources>
04-30 09:39:23.075  8126  8126 E Xposed  : java.lang.IncompatibleClassChangeError: android.content.res.XResources
04-30 09:39:23.075  8126  8126 E Xposed  : 	at de.robv.android.xposed.XposedInit$2.beforeHookedMethod(XposedInit.java:108)
04-30 09:39:23.075  8126  8126 E Xposed  : 	at de.robv.android.xposed.XposedBridge.handleHookedMethod(XposedBridge.java:314)
04-30 09:39:23.075  8126  8126 E Xposed  : 	at android.app.ActivityThread.handleBindApplication(<Xposed>)
04-30 09:39:23.075  8126  8126 E Xposed  : 	at android.app.ActivityThread.access$1500(ActivityThread.java:154)
04-30 09:39:23.075  8126  8126 E Xposed  : 	at android.app.ActivityThread$H.handleMessage(ActivityThread.java:1376)
04-30 09:39:23.075  8126  8126 E Xposed  : 	at android.os.Handler.dispatchMessage(Handler.java:102)
04-30 09:39:23.075  8126  8126 E Xposed  : 	at android.os.Looper.loop(Looper.java:135)
04-30 09:39:23.075  8126  8126 E Xposed  : 	at android.app.ActivityThread.main(ActivityThread.java:5283)
04-30 09:39:23.075  8126  8126 E Xposed  : 	at java.lang.reflect.Method.invoke(Native Method)
04-30 09:39:23.075  8126  8126 E Xposed  : 	at java.lang.reflect.Method.invoke(Method.java:372)
04-30 09:39:23.075  8126  8126 E Xposed  : 	at com.android.internal.os.ZygoteInit$MethodAndArgsCaller.run(ZygoteInit.java:908)
04-30 09:39:23.075  8126  8126 E Xposed  : 	at com.android.internal.os.ZygoteInit.main(ZygoteInit.java:703)
04-30 09:39:23.075  8126  8126 E Xposed  : 	at de.robv.android.xposed.XposedBridge.main(XposedBridge.java:102)
04-30 09:39:23.125  8126  8126 W System.err: my process name com.lbe.parallel.intl:P8
04-30 09:39:23.245  8094  8094 I System.out: PM BuildConfig.DEBUG false
04-30 09:39:23.265  8094  8094 W art     : Before Android 4.1, method void com.lbe.parallel.dr.onEnterForeground(long) would have incorrectly overridden the package-private method in com.amplitude.api.AmplitudeClient
04-30 09:39:23.315  8126  8126 W System.err: 1b96c11eca48bded30e1726082051754068aa103
04-30 09:39:23.355  8126  8126 W linker  : libdaclient.so: unused DT entry: type 0x6ffffffe arg 0x1f54
04-30 09:39:23.355  8126  8126 W linker  : libdaclient.so: unused DT entry: type 0x6fffffff arg 0x2
04-30 09:39:23.365  8094  8148 I art     : Rejecting re-init on previously-failed class java.lang.Class<android.content.res.XResources>
04-30 09:39:23.375  8094  8148 E Xposed  : java.lang.IncompatibleClassChangeError: android.content.res.XResources
04-30 09:39:23.375  8094  8148 E Xposed  : 	at de.robv.android.xposed.XposedInit$5.afterHookedMethod(XposedInit.java:182)
04-30 09:39:23.375  8094  8148 E Xposed  : 	at de.robv.android.xposed.XposedBridge.handleHookedMethod(XposedBridge.java:348)
04-30 09:39:23.375  8094  8148 E Xposed  : 	at android.app.LoadedApk.<init>(<Xposed>)
04-30 09:39:23.375  8094  8148 E Xposed  : 	at android.app.ActivityThread.getPackageInfo(ActivityThread.java:1781)
04-30 09:39:23.375  8094  8148 E Xposed  : 	at android.app.ActivityThread.getPackageInfo(ActivityThread.java:1742)
04-30 09:39:23.375  8094  8148 E Xposed  : 	at android.app.ActivityThread.getPackageInfo(ActivityThread.java:1714)
04-30 09:39:23.375  8094  8148 E Xposed  : 	at android.app.ContextImpl.createPackageContextAsUser(ContextImpl.java:2173)
04-30 09:39:23.375  8094  8148 E Xposed  : 	at android.app.ContextImpl.createPackageContext(ContextImpl.java:2160)
04-30 09:39:23.375  8094  8148 E Xposed  : 	at android.content.ContextWrapper.createPackageContext(ContextWrapper.java:671)
04-30 09:39:23.375  8094  8148 E Xposed  : 	at com.google.android.gms.common.zzo.getRemoteContext(Unknown Source)
04-30 09:39:23.375  8094  8148 E Xposed  : 	at com.google.android.gms.ads.identifier.AdvertisingIdClient.getAdvertisingIdInfo(Unknown Source)
04-30 09:39:23.375  8094  8148 E Xposed  : 	at java.lang.reflect.Method.invoke(Native Method)
04-30 09:39:23.375  8094  8148 E Xposed  : 	at java.lang.reflect.Method.invoke(Method.java:372)
04-30 09:39:23.375  8094  8148 E Xposed  : 	at com.amplitude.api.e$a.e(DeviceInfo.java:222)
04-30 09:39:23.375  8094  8148 E Xposed  : 	at com.amplitude.api.e$a.<init>(DeviceInfo.java:1203)
04-30 09:39:23.375  8094  8148 E Xposed  : 	at com.amplitude.api.e$a.<init>(DeviceInfo.java:42)
04-30 09:39:23.375  8094  8148 E Xposed  : 	at com.amplitude.api.e.r(DeviceInfo.java:276)
04-30 09:39:23.375  8094  8148 E Xposed  : 	at com.amplitude.api.e.a(DeviceInfo.java:282)
04-30 09:39:23.375  8094  8148 E Xposed  : 	at com.amplitude.api.AmplitudeClient.initializeDeviceInfo(AmplitudeClient.java:316)
04-30 09:39:23.375  8094  8148 E Xposed  : 	at com.amplitude.api.AmplitudeClient.access$000(AmplitudeClient.java:50)
04-30 09:39:23.375  8094  8148 E Xposed  : 	at com.amplitude.api.AmplitudeClient$1.run(AmplitudeClient.java:253)
04-30 09:39:23.375  8094  8148 E Xposed  : 	at android.os.Handler.handleCallback(Handler.java:739)
04-30 09:39:23.375  8094  8148 E Xposed  : 	at android.os.Handler.dispatchMessage(Handler.java:95)
04-30 09:39:23.375  8094  8148 E Xposed  : 	at android.os.Looper.loop(Looper.java:135)
04-30 09:39:23.375  8094  8148 E Xposed  : 	at android.os.HandlerThread.run(HandlerThread.java:61)
04-30 09:39:23.655  8126  8144 I art     : Background sticky concurrent mark sweep GC freed 38420(2MB) AllocSpace objects, 4(64KB) LOS objects, 24% free, 7MB/9MB, paused 5.789ms total 50.447ms
04-30 09:39:23.765  8094  8160 W System.err: should trigger false
04-30 09:39:23.775  8094  8160 W System.err: amp device id 7b5e83a5-43a5-45cc-8124-df092277ff93
04-30 09:39:24.175  8126  8126 I art     : Rejecting re-init on previously-failed class java.lang.Class<android.content.res.XResources>
04-30 09:39:24.175  8126  8126 E Xposed  : java.lang.IncompatibleClassChangeError: android.content.res.XResources
04-30 09:39:24.175  8126  8126 E Xposed  : 	at de.robv.android.xposed.XposedInit$5.afterHookedMethod(XposedInit.java:182)
04-30 09:39:24.175  8126  8126 E Xposed  : 	at de.robv.android.xposed.XposedBridge.handleHookedMethod(XposedBridge.java:348)
04-30 09:39:24.175  8126  8126 E Xposed  : 	at android.app.LoadedApk.<init>(<Xposed>)
04-30 09:39:24.175  8126  8126 E Xposed  : 	at android.app.ActivityThread.getPackageInfo(ActivityThread.java:1781)
04-30 09:39:24.175  8126  8126 E Xposed  : 	at android.app.ActivityThread.getPackageInfo(ActivityThread.java:1742)
04-30 09:39:24.175  8126  8126 E Xposed  : 	at android.app.ActivityThread.getPackageInfo(ActivityThread.java:1714)
04-30 09:39:24.175  8126  8126 E Xposed  : 	at android.app.ContextImpl.createPackageContextAsUser(ContextImpl.java:2173)
04-30 09:39:24.175  8126  8126 E Xposed  : 	at android.app.ContextImpl.createPackageContext(ContextImpl.java:2160)
04-30 09:39:24.175  8126  8126 E Xposed  : 	at android.content.ContextWrapper.createPackageContext(ContextWrapper.java:671)
04-30 09:39:24.175  8126  8126 E Xposed  : 	at android.content.ContextWrapper.createPackageContext(ContextWrapper.java:671)
04-30 09:39:24.175  8126  8126 E Xposed  : 	at com.lbe.doubleagent.client.g.e(LocalActivityService.java:1683)
04-30 09:39:24.175  8126  8126 E Xposed  : 	at com.lbe.doubleagent.client.g.a(LocalActivityService.java:1438)
04-30 09:39:24.175  8126  8126 E Xposed  : 	at com.lbe.doubleagent.client.g.a(LocalActivityService.java:758)
04-30 09:39:24.175  8126  8126 E Xposed  : 	at com.lbe.doubleagent.client.g.a(LocalActivityService.java:1770)
04-30 09:39:24.175  8126  8126 E Xposed  : 	at com.lbe.doubleagent.client.proxy.ServiceProxyImpl.onStartCommand(ServiceProxyImpl.java:204)
04-30 09:39:24.175  8126  8126 E Xposed  : 	at android.app.ActivityThread.handleServiceArgs(ActivityThread.java:2913)
04-30 09:39:24.175  8126  8126 E Xposed  : 	at android.app.ActivityThread.access$2100(ActivityThread.java:154)
04-30 09:39:24.175  8126  8126 E Xposed  : 	at android.app.ActivityThread$H.handleMessage(ActivityThread.java:1413)
04-30 09:39:24.175  8126  8126 E Xposed  : 	at android.os.Handler.dispatchMessage(Handler.java:102)
04-30 09:39:24.175  8126  8126 E Xposed  : 	at android.os.Looper.loop(Looper.java:135)
04-30 09:39:24.175  8126  8126 E Xposed  : 	at android.app.ActivityThread.main(ActivityThread.java:5283)
04-30 09:39:24.175  8126  8126 E Xposed  : 	at java.lang.reflect.Method.invoke(Native Method)
04-30 09:39:24.175  8126  8126 E Xposed  : 	at java.lang.reflect.Method.invoke(Method.java:372)
04-30 09:39:24.175  8126  8126 E Xposed  : 	at com.android.internal.os.ZygoteInit$MethodAndArgsCaller.run(ZygoteInit.java:908)
04-30 09:39:24.175  8126  8126 E Xposed  : 	at com.android.internal.os.ZygoteInit.main(ZygoteInit.java:703)
04-30 09:39:24.175  8126  8126 E Xposed  : 	at de.robv.android.xposed.XposedBridge.main(XposedBridge.java:102)
04-30 09:39:24.625  6107  6107 I ViewRootImpl: CPU Rendering VSync enable = true
04-30 09:39:24.705  8126  8126 I MultiDex: VM with version 2.1.0 has multidex support
04-30 09:39:24.705  8126  8126 I MultiDex: Installing application
04-30 09:39:24.705  8126  8126 I MultiDex: VM has multidex support, MultiDex support library is disabled.
04-30 09:39:24.795  6107  6133 I art     : Background sticky concurrent mark sweep GC freed 6331(357KB) AllocSpace objects, 0(0B) LOS objects, 0% free, 43MB/43MB, paused 3.306ms total 145.269ms
04-30 09:39:24.875  6107  6461 I art     : Rejecting re-init on previously-failed class java.lang.Class<android.content.res.XResources>
04-30 09:39:24.875  6107  6461 E Xposed  : java.lang.IncompatibleClassChangeError: android.content.res.XResources
04-30 09:39:24.875  6107  6461 E Xposed  : 	at de.robv.android.xposed.XposedInit$5.afterHookedMethod(XposedInit.java:182)
04-30 09:39:24.875  6107  6461 E Xposed  : 	at de.robv.android.xposed.XposedBridge.handleHookedMethod(XposedBridge.java:348)
04-30 09:39:24.875  6107  6461 E Xposed  : 	at android.app.LoadedApk.<init>(<Xposed>)
04-30 09:39:24.875  6107  6461 E Xposed  : 	at android.app.ActivityThread.getPackageInfo(ActivityThread.java:1781)
04-30 09:39:24.875  6107  6461 E Xposed  : 	at android.app.ActivityThread.getPackageInfo(ActivityThread.java:1742)
04-30 09:39:24.875  6107  6461 E Xposed  : 	at android.app.ActivityThread.getPackageInfo(ActivityThread.java:1714)
04-30 09:39:24.875  6107  6461 E Xposed  : 	at android.app.ContextImpl.createPackageContextAsUser(ContextImpl.java:2173)
04-30 09:39:24.875  6107  6461 E Xposed  : 	at android.app.ContextImpl.createPackageContext(ContextImpl.java:2160)
04-30 09:39:24.875  6107  6461 E Xposed  : 	at android.content.ContextWrapper.createPackageContext(ContextWrapper.java:671)
04-30 09:39:24.875  6107  6461 E Xposed  : 	at com.google.android.gms.common.zzo.getRemoteContext(Unknown Source)
04-30 09:39:24.875  6107  6461 E Xposed  : 	at com.google.android.gms.ads.identifier.zzd.<init>(Unknown Source)
04-30 09:39:24.875  6107  6461 E Xposed  : 	at com.google.android.gms.ads.identifier.AdvertisingIdClient.getAdvertisingIdInfo(Unknown Source)
04-30 09:39:24.875  6107  6461 E Xposed  : 	at com.google.android.gms.internal.zzamh.zzvm(Unknown Source)
04-30 09:39:24.875  6107  6461 E Xposed  : 	at com.google.android.gms.internal.zzamh.zzvl(Unknown Source)
04-30 09:39:24.875  6107  6461 E Xposed  : 	at com.google.android.gms.internal.zzamh.zzvd(Unknown Source)
04-30 09:39:24.875  6107  6461 E Xposed  : 	at com.google.android.gms.analytics.zzp.run(Unknown Source)
04-30 09:39:24.875  6107  6461 E Xposed  : 	at java.util.concurrent.Executors$RunnableAdapter.call(Executors.java:422)
04-30 09:39:24.875  6107  6461 E Xposed  : 	at java.util.concurrent.FutureTask.run(FutureTask.java:237)
04-30 09:39:24.875  6107  6461 E Xposed  : 	at java.util.concurrent.ThreadPoolExecutor.runWorker(ThreadPoolExecutor.java:1112)
04-30 09:39:24.875  6107  6461 E Xposed  : 	at java.util.concurrent.ThreadPoolExecutor$Worker.run(ThreadPoolExecutor.java:587)
04-30 09:39:24.875  6107  6461 E Xposed  : 	at java.lang.Thread.run(Thread.java:818)
04-30 09:39:24.875  6107  6461 E Xposed  : 	at com.google.android.gms.analytics.zzl$zzc.run(Unknown Source)
04-30 09:39:25.175  4889  4889 W art     : Verification of int axml.a() took 125.824ms
04-30 09:39:25.375  6107  6133 W art     : Suspending all threads took: 36.881ms
04-30 09:39:25.505  6107  6133 I art     : Background partial concurrent mark sweep GC freed 92612(4MB) AllocSpace objects, 6(325KB) LOS objects, 29% free, 39MB/55MB, paused 134.071ms total 405.497ms
04-30 09:39:25.715  8126  8144 W art     : Suspending all threads took: 13.676ms
04-30 09:39:25.745  8126  8144 I art     : Background sticky concurrent mark sweep GC freed 42243(2MB) AllocSpace objects, 2(32KB) LOS objects, 18% free, 10MB/13MB, paused 35.880ms total 319.679ms
04-30 09:39:25.885  6107  6107 E Minikin : no font for run starting u+dbc3 length 4
04-30 09:39:25.895  6107  6107 E Minikin : no font for run starting u+dbff length 2
04-30 09:39:26.095  8126  8144 W art     : Suspending all threads took: 45.034ms
04-30 09:39:26.155  8126  8144 I art     : Background partial concurrent mark sweep GC freed 15483(1281KB) AllocSpace objects, 0(0B) LOS objects, 39% free, 11MB/19MB, paused 87.109ms total 214.070ms
04-30 09:39:26.185  3492  3686 W LBE-Sec : Unable to find record for broadcast token android.app.LoadedApk$ReceiverDispatcher$InnerReceiver@1f6963ef
04-30 09:39:26.185  6107  6107 I Timeline: Timeline: Activity_idle id: android.os.BinderProxy@125de04b time:120840719
04-30 09:39:26.195  6580  8185 W DG.WV   : Widevine DRM not supported on this device
04-30 09:39:26.195  6580  8185 W DG.WV   : android.media.UnsupportedSchemeException: Failed to instantiate drm object.
04-30 09:39:26.195  6580  8185 W DG.WV   : 	at android.media.MediaDrm.native_setup(Native Method)
04-30 09:39:26.195  6580  8185 W DG.WV   : 	at android.media.MediaDrm.<init>(MediaDrm.java:180)
04-30 09:39:26.195  6580  8185 W DG.WV   : 	at qrb.run(:com.google.android.gms@12529011@12.5.29 (020406-192802242):10)
04-30 09:39:26.195  6580  8185 W DG.WV   : 	at nsy.run(:com.google.android.gms@12529011@12.5.29 (020406-192802242):27)
04-30 09:39:26.195  6580  8185 W DG.WV   : 	at java.util.concurrent.ThreadPoolExecutor.runWorker(ThreadPoolExecutor.java:1112)
04-30 09:39:26.195  6580  8185 W DG.WV   : 	at java.util.concurrent.ThreadPoolExecutor$Worker.run(ThreadPoolExecutor.java:587)
04-30 09:39:26.195  6580  8185 W DG.WV   : 	at nys.run(:com.google.android.gms@12529011@12.5.29 (020406-192802242))
04-30 09:39:26.195  6580  8185 W DG.WV   : 	at java.lang.Thread.run(Thread.java:818)
04-30 09:39:26.795  6580  6603 I art     : Rejecting re-init on previously-failed class java.lang.Class<com.google.ccc.abuse.droidguard.DroidGuard>
04-30 09:39:26.825  6580  6603 I Adreno-EGL: <qeglDrvAPI_eglInitialize:379>: EGL 1.4 QUALCOMM build: Nondeterministic_AU_msm8916_64_LA.BR.1.2.4_RB1__release_AU (Ic8ede1fb34)
04-30 09:39:26.825  6580  6603 I Adreno-EGL: OpenGL ES Shader Compiler Version: E031.25.03.04
04-30 09:39:26.825  6580  6603 I Adreno-EGL: Build Date: 12/10/15 Thu
04-30 09:39:26.825  6580  6603 I Adreno-EGL: Local Branch: 
04-30 09:39:26.825  6580  6603 I Adreno-EGL: Remote Branch: quic/LA.BR.1.2.4_rb1.30
04-30 09:39:26.825  6580  6603 I Adreno-EGL: Local Patches: NONE
04-30 09:39:26.825  6580  6603 I Adreno-EGL: Reconstruct Branch: NOTHING
04-30 09:39:26.955  4889  6552 I Auth    : [ReflectiveChannelBinder] Successfully bound channel!
04-30 09:39:27.075  4889  6552 W Conscrypt: Could not set socket write timeout: java.lang.reflect.InvocationTargetException
04-30 09:39:27.075  8126  8198 W linker  : libimgdecoder.so: unused DT entry: type 0x6ffffffe arg 0x9c68
04-30 09:39:27.075  8126  8198 W linker  : libimgdecoder.so: unused DT entry: type 0x6fffffff arg 0x3
04-30 09:39:27.075  4889  6552 W Conscrypt: 	at java.lang.reflect.Method.invoke(Native Method)
04-30 09:39:27.075  4889  6552 W Conscrypt: 	at java.lang.reflect.Method.invoke(Method.java:372)
04-30 09:39:27.075  4889  6552 W Conscrypt: Caused by: android.system.ErrnoException: setsockopt failed: EBADF (Bad file number)
04-30 09:39:27.075  4889  6552 W Conscrypt: 	at libcore.io.Posix.setsockoptTimeval(Native Method)
04-30 09:39:27.075  4889  6552 W Conscrypt: 	at libcore.io.ForwardingOs.setsockoptTimeval(ForwardingOs.java:147)
04-30 09:39:27.085  8126  8198 W linker  : libimgdecoderjni.so: unused DT entry: type 0x6ffffffe arg 0x329c
04-30 09:39:27.085  8126  8198 W linker  : libimgdecoderjni.so: unused DT entry: type 0x6fffffff arg 0x3
04-30 09:39:27.175  4889  6552 W Conscrypt: Could not set socket write timeout: java.lang.reflect.InvocationTargetException
04-30 09:39:27.175  4889  6552 W Conscrypt: 	at java.lang.reflect.Method.invoke(Native Method)
04-30 09:39:27.175  4889  6552 W Conscrypt: 	at java.lang.reflect.Method.invoke(Method.java:372)
04-30 09:39:27.175  4889  6552 W Conscrypt: Caused by: android.system.ErrnoException: setsockopt failed: EBADF (Bad file number)
04-30 09:39:27.175  4889  6552 W Conscrypt: 	at libcore.io.Posix.setsockoptTimeval(Native Method)
04-30 09:39:27.175  4889  6552 W Conscrypt: 	at libcore.io.ForwardingOs.setsockoptTimeval(ForwardingOs.java:147)
04-30 09:39:27.295  4889  6552 W GLSUser : [AppCertManager] IOException while requesting key: 
04-30 09:39:27.295  4889  6552 W GLSUser : java.io.IOException: Invalid device key response.
04-30 09:39:27.295  4889  6552 W GLSUser : 	at ggs.a(:com.google.android.gms@12529011@12.5.29 (020406-192802242):12)
04-30 09:39:27.295  4889  6552 W GLSUser : 	at ggs.a(:com.google.android.gms@12529011@12.5.29 (020406-192802242):64)
04-30 09:39:27.295  4889  6552 W GLSUser : 	at ggq.a(:com.google.android.gms@12529011@12.5.29 (020406-192802242):8)
04-30 09:39:27.295  4889  6552 W GLSUser : 	at ggm.a(:com.google.android.gms@12529011@12.5.29 (020406-192802242):1)
04-30 09:39:27.295  4889  6552 W GLSUser : 	at ggl.a(:com.google.android.gms@12529011@12.5.29 (020406-192802242):10)
